GNU Tool Chain  

Linker command line:

\
  --edf=D:\Documents\WeChat Files\wxid_25ac4ia98up622\FileStorage\File\2022-10\IDE3.0.9\data\dat\en_msgs.txt \
  -cs -h+touchlib.sym --cmf=touchlib.cmf -z -QFT62F08X \
  -oC:\Users\ADMINI~1\AppData\Local\Temp\s588.2 -Mtouchlib.map -E1 -ver=XC8 \
  -ASTACK=02090h-022ffh -pstack=STACK -p_ad3nop_text=3h -ACODE=00h-07FFhx4 \
  -ASTRCODE=00h-01FFFh -ASTRING=00h-0FFhx32 -ACONST=00h-0FFhx32 \
  -AENTRY=00h-0FFhx32 -ACOMMON=070h-07Fh -ABANK0=020h-06Fh \
  -ABANK1=0A0h-0EFh -ABANK2=0120h-016Fh -ABANK3=01A0h-01EFh \
  -ABANK4=0220h-026Fh -ABANK5=02A0h-02EFh -ABANK6=0320h-036Fh \
  -ABANK7=03A0h-03EFh -ABANK8=0420h-046Fh -ABANK9=04A0h-04EFh \
  -ABANK10=0520h-056Fh -ABANK11=05A0h-05EFh -ABANK12=0620h-064Fh \
  -ABIGRAM=02000h-023EFh \
  -ARAM=020h-06Fh,0A0h-0EFh,0120h-016Fh,01A0h-01EFh,0220h-026Fh,02A0h-02EFh,0320h-036Fh,03A0h-03EFh,0420h-046Fh,04A0h-04EFh,0520h-056Fh,05A0h-05EFh,0620h-064Fh \
  -AABS1=020h-07Fh,0A0h-0EFh,0120h-016Fh,01A0h-01EFh,0220h-026Fh,02A0h-02EFh,0320h-036Fh,03A0h-03EFh,0420h-046Fh,04A0h-04EFh,0520h-056Fh,05A0h-05EFh,0620h-064Fh \
  -ASFR0=00h-01Fh -ASFR1=080h-09Fh -ASFR2=0100h-011Fh -ASFR3=0180h-019Fh \
  -ASFR4=0200h-021Fh -ASFR5=0280h-029Fh -ASFR6=0300h-031Fh \
  -ASFR7=0380h-039Fh -ASFR8=0400h-041Fh -ASFR9=0480h-049Fh \
  -ASFR10=0500h-051Fh -ASFR11=0580h-059Fh -ASFR12=0600h-061Fh \
  -ASFR13=0680h-06EFh -ASFR14=0700h-076Fh -ASFR15=0780h-07EFh \
  -ASFR16=0800h-086Fh -ASFR17=0880h-08EFh -ASFR18=0900h-096Fh \
  -ASFR19=0980h-09EFh -ASFR20=0A00h-0A6Fh -ASFR21=0A80h-0AEFh \
  -ASFR22=0B00h-0B6Fh -ASFR23=0B80h-0BEFh -ASFR24=0C00h-0C6Fh \
  -ASFR25=0C80h-0CEFh -ASFR26=0D00h-0D6Fh -ASFR27=0D80h-0DEFh \
  -ASFR28=0E00h-0E6Fh -ASFR29=0E80h-0EEFh -ASFR30=0F00h-0F6Fh \
  -ASFR31=0F80h-0FEFh -preset_vec=00h,intentry=04h,init,end_init \
  -ppowerup=CODE -pcinit=CODE -pfunctab=ENTRY -ACONFIG=08007h-08008h \
  -pconfig=CONFIG -DCONFIG=2 -AIDLOC=08000h-08003h -pidloc=IDLOC -DIDLOC=2 \
  -AEEDATA=00h-0FFh/0F000h -peeprom_data=EEDATA -DEEDATA=2 -DCODE=2 \
  -DSTRCODE=2 -DSTRING=2 -DCONST=2 -DENTRY=2 -k \
  C:\Users\ADMINI~1\AppData\Local\Temp\s588.obj touchlib.obj 

Object code version is 3.11

Machine type is FT62F08X



                Name                               Link     Load   Length Selector   Space Scale
C:\Users\ADMINI~1\AppData\Local\Temp\s588.obj
                end_init                             34       34        2        8       0
                reset_vec                             0        0        2        0       0
touchlib.obj    cinit                                36       36      1A4        8       0
                intentry                              4        4       30        8       0
                swtext3                             500      500       20      A00       0
                swtext2                             52C      52C        C      A58       0
                swtext1                             4F3      4F3        C      9E6       0
                text17                              1DA      1DA      2D1        8       0
                text16                              4AB      4AB       28        8       0
                text14                              4D3      4D3       20        8       0
                cstackBANK0hh                        2B       2B        4       2B       1
                cstackCOMMON                         76       76        6       70       1
                clrtext                             520      520        C      A40       0
                bssBANK1                             A0       A0       40       A0       1
                bssCOMMON                            70       70        6       70       1
                _ad3nop_text                          3        3        1        6       0
                stringtext6                         544      544        1      A70       0
                stringtext5                         543      543        1      A70       0
                stringtext4                         542      542        1      A70       0
                stringtext3                         540      540        2      A70       0
                stringtext2                         53C      53C        4      A70       0
                stringtext1                         538      538        4      A70       0

TOTAL           Name                               Link     Load   Length     Space
        CLASS   STACK          

        CLASS   CODE           
                end_init                             34       34        2         0
                cinit                                36       36      1A4         0
                intentry                              4        4       30         0
                reset_vec                             0        0        2         0
                text17                              1DA      1DA      2D1         0
                text16                              4AB      4AB       28         0
                text14                              4D3      4D3       20         0
                clrtext                             520      520        C         0
                _ad3nop_text                          3        3        1         0

        CLASS   STRCODE        
                stringtext6                         544      544        1         0
                stringtext5                         543      543        1         0
                stringtext4                         542      542        1         0
                stringtext3                         540      540        2         0
                stringtext2                         53C      53C        4         0
                stringtext1                         538      538        4         0

        CLASS   STRING         

        CLASS   CONST          
                swtext3                             500      500       20         0
                swtext2                             52C      52C        C         0
                swtext1                             4F3      4F3        C         0

        CLASS   ENTRY          

        CLASS   COMMON         
                cstackCOMMON                         76       76        6         1
                bssCOMMON                            70       70        6         1

        CLASS   BANK0          
                cstackBANK0hh                        2B       2B        4         1

        CLASS   BANK1          
                bssBANK1                             A0       A0       40         1

        CLASS   BANK2          

        CLASS   BANK3          

        CLASS   BANK4          

        CLASS   BANK5          

        CLASS   BANK6          

        CLASS   BANK7          

        CLASS   BANK8          

        CLASS   BANK9          

        CLASS   BANK10         

        CLASS   BANK11         

        CLASS   BANK12         

        CLASS   BIGRAM         

        CLASS   RAM            

        CLASS   ABS1           
                abs_s1                               20       20        B         1
                abs_s1                               7E       7E        2         1
                abs_s1                              4D0      4D0       20         1
                abs_s1                              520      520       50         1
                abs_s1                              5A0      5A0       50         1
                abs_s1                              620      620       30         1
                abs_s1                             2300     2300        0         1
                abs_s1                             2378     2378        0         1

        CLASS   SFR0           

        CLASS   SFR1           

        CLASS   SFR2           

        CLASS   SFR3           

        CLASS   SFR4           

        CLASS   SFR5           

        CLASS   SFR6           

        CLASS   SFR7           

        CLASS   SFR8           

        CLASS   SFR9           

        CLASS   SFR10          

        CLASS   SFR11          

        CLASS   SFR12          

        CLASS   SFR13          

        CLASS   SFR14          

        CLASS   SFR15          

        CLASS   SFR16          

        CLASS   SFR17          

        CLASS   SFR18          

        CLASS   SFR19          

        CLASS   SFR20          

        CLASS   SFR21          

        CLASS   SFR22          

        CLASS   SFR23          

        CLASS   SFR24          

        CLASS   SFR25          

        CLASS   SFR26          

        CLASS   SFR27          

        CLASS   SFR28          

        CLASS   SFR29          

        CLASS   SFR30          

        CLASS   SFR31          

        CLASS   CONFIG         

        CLASS   IDLOC          

        CLASS   EEDATA         

        CLASS   BANK31         

        CLASS   BANK30         

        CLASS   BANK29         

        CLASS   BANK28         

        CLASS   BANK27         

        CLASS   BANK26         

        CLASS   BANK25         

        CLASS   BANK24         

        CLASS   BANK23         

        CLASS   BANK22         

        CLASS   BANK21         

        CLASS   BANK20         

        CLASS   BANK19         

        CLASS   BANK18         

        CLASS   BANK17         

        CLASS   BANK16         

        CLASS   BANK15         

        CLASS   BANK14         

        CLASS   BANK13         



SEGMENTS        Name                           Load    Length   Top    Selector   Space  Class     Delta

                reset_vec                      000000  000002  000002         0       0  CODE        2
                _ad3nop_text                   000003  000001  000004         6       0  CODE        2
                intentry                       000004  0004EF  0004F3         8       0  CODE        2
                cstackBANK0hh                  00002B  000004  00002F        2B       1  BANK0       1
                bssCOMMON                      000070  00000C  00007C        70       1  COMMON      1
                bssBANK1                       0000A0  000040  0000E0        A0       1  BANK1       1
                swtext1                        0004F3  00000C  0004FF       9E6       0  CONST       2
                swtext3                        000500  000020  000520       A00       0  CONST       2
                clrtext                        000520  00000C  00052C       A40       0  CODE        2
                swtext2                        00052C  00000C  000538       A58       0  CONST       2
                stringtext1                    000538  00000D  000545       A70       0  STRCODE     2


UNUSED ADDRESS RANGES

        Name                Unused          Largest block    Delta
        BANK0            002F-006F             41           1
        BANK1            00E0-00EF             10           1
        BANK2            0120-016F             50           1
        BANK3            01A0-01EF             50           1
        BANK4            0220-026F             50           1
        BANK5            02A0-02EF             50           1
        BANK6            0320-036F             50           1
        BANK7            03A0-03EF             50           1
        BANK8            0420-046F             50           1
        BANK9            04A0-04CF             30           1
        BIGRAM           2000-23EF            3F0           1
        CODE             0002-0002              1           2
                         04FF-04FF              1
                         0545-1FFF            800
        COMMON           007C-007D              2           1
        CONFIG           8007-8008              2           2
        CONST            0002-0002              1           2
                         04FF-04FF              1
                         0545-1FFF            100
        EEDATA           F000-F0FF            100           2
        ENTRY            0002-0002              1           2
                         04FF-04FF              1
                         0545-1FFF            100
        IDLOC            8000-8003              4           2
        RAM              002F-006F             41           1
                         00E0-00EF             10
                         0120-016F             50
                         01A0-01EF             50
                         0220-026F             50
                         02A0-02EF             50
                         0320-036F             50
                         03A0-03EF             50
                         0420-046F             50
                         04A0-04CF             30
        SFR0             0000-001F             20           1
        SFR1             0080-009F             20           1
        SFR10            0500-051F             20           1
        SFR11            0580-059F             20           1
        SFR12            0600-061F             20           1
        SFR13            0680-06EF             70           1
        SFR14            0700-076F             70           1
        SFR15            0780-07EF             70           1
        SFR16            0800-086F             70           1
        SFR17            0880-08EF             70           1
        SFR18            0900-096F             70           1
        SFR19            0980-09EF             70           1
        SFR2             0100-011F             20           1
        SFR20            0A00-0A6F             70           1
        SFR21            0A80-0AEF             70           1
        SFR22            0B00-0B6F             70           1
        SFR23            0B80-0BEF             70           1
        SFR24            0C00-0C6F             70           1
        SFR25            0C80-0CEF             70           1
        SFR26            0D00-0D6F             70           1
        SFR27            0D80-0DEF             70           1
        SFR28            0E00-0E6F             70           1
        SFR29            0E80-0EEF             70           1
        SFR3             0180-019F             20           1
        SFR30            0F00-0F6F             70           1
        SFR31            0F80-0FEF             70           1
        SFR4             0200-021F             20           1
        SFR5             0280-029F             20           1
        SFR6             0300-031F             20           1
        SFR7             0380-039F             20           1
        SFR8             0400-041F             20           1
        SFR9             0480-049F             20           1
        STACK            2090-22FF            270           1
        STRCODE          0002-0002              1           2
                         04FF-04FF              1
                         0545-1FFF           1ABB
        STRING           0002-0002              1           2
                         04FF-04FF              1
                         0545-1FFF            100

                                  Symbol Table

DisplayHandler@DspBuf         bssBANK1      00CE
DisplayHandler@DspCnt         bssBANK1      00CD
DisplayHandler@LedMenuIndex   bssBANK1      00CF
PL10                          text17        04A5
PL12                          cinit         01D4
PL2                           text17        0498
PL4                           cinit         01BE
PL6                           cinit         01C7
PL8                           cinit         01CE
ShowLedData@DspBuf            cstackCOMMON  0076
SpecialDisplay1@DspBuf        cstackCOMMON  007A
SpecialDisplay2@DspBuf        cstackCOMMON  007B
UartSetEmptyInt@value         cstackCOMMON  0076
_ANSELA                       (abs)         0197
_BuzzerCnt                    bssBANK1      00C7
_CKOCON                       (abs)         0095
_DisplayHandler               text17        01DA
_Display_init                 cinit         006E
_DspIndex                     bssBANK1      00D7
_FWHEELSILERB                 stringtext2   053C
_HeatType                     bssBANK1      00DB
_INTCON                       (abs)         000B
_ISR                          intentry      0004
_LATA0                        (abs)         0860
_LATA1                        (abs)         0861
_LATA4                        (abs)         0864
_LATB0                        (abs)         0868
_LATB1                        (abs)         0869
_LATB3                        (abs)         086B
_LATC0                        (abs)         0870
_LATC1                        (abs)         0871
_LATD1                        (abs)         0879
_LATD2                        (abs)         087A
_LATD3                        (abs)         087B
_MISC0                        (abs)         011C
_ManualType                   bssBANK1      00D9
_ModeType                     bssCOMMON     0075
_OSCCON                       (abs)         0099
_PB4                          (abs)         006C
_PB5                          (abs)         006D
_PCKEN                        (abs)         009A
_PORTA                        (abs)         000C
_PORTB                        (abs)         000D
_PORTC                        (abs)         000E
_PORTD                        (abs)         000F
_PSINK0                       (abs)         019A
_PSINK1                       (abs)         019B
_PSINK2                       (abs)         019C
_PSINK3                       (abs)         019D
_PSRC0                        (abs)         011A
_PSRC1                        (abs)         011B
_PwrType                      bssBANK1      00DC
_RxBit                        bssCOMMON     0073
_RxBuf                        bssBANK1      00AF
_RxData                       bssCOMMON     0071
_RxData_Drive                 cinit         0073
_Rx_Drive                     cinit         0081
_STATUS                       (abs)         0003
_SWHEELSILERB                 stringtext1   0538
_ShowLedData                  text17        0267
_SpecialDisplay1              text17        042C
_SpecialDisplay2              text17        0460
_StrongType                   bssBANK1      00DA
_SysFunFlg0                   bssBANK1      00DD
_SysFunFlg1                   bssBANK1      00D8
_SysFunFlg2                   bssBANK1      00D1
_Sys_init                     cinit         00D1
_T2UIE                        (abs)         1868
_T2UIF                        (abs)         1870
_T4UIE                        (abs)         0890
_T4UIF                        (abs)         0898
_TCF                          (abs)         24E0
_TCKSRC                       (abs)         031F
_TIM2ARRH                     (abs)         0319
_TIM2ARRL                     (abs)         031A
_TIM2CR1                      (abs)         030C
_TIM2IER                      (abs)         030D
_TIM4ARR                      (abs)         0117
_TIM4CNTR                     (abs)         0115
_TIM4CR1                      (abs)         0111
_TIM4EGR                      (abs)         0114
_TIM4IER                      (abs)         0112
_TIM4PSCR                     (abs)         0116
_TIM4SR                       (abs)         0113
_TIME_INIT                    cinit         0171
_TRISA                        (abs)         008C
_TRISA4                       (abs)         0464
_TRISA5                       (abs)         0465
_TRISA6                       (abs)         0466
_TRISA7                       (abs)         0467
_TRISB                        (abs)         008D
_TRISB2                       (abs)         046A
_TRISB3                       (abs)         046B
_TRISB4                       (abs)         046C
_TRISB7                       (abs)         046F
_TRISC                        (abs)         008E
_TRISC0                       (abs)         0470
_TRISC1                       (abs)         0471
_TRISC3                       (abs)         0473
_TRISC4                       (abs)         0474
_TRISC5                       (abs)         0475
_TRISC6                       (abs)         0476
_TRISC7                       (abs)         0477
_TRISD                        (abs)         008F
_TRISD5                       (abs)         047D
_TXEF                         (abs)         2495
_Time100Ms                    bssBANK1      00D3
_Time10Ms                     bssBANK1      00D4
_Time2Initial                 cinit         00FB
_Time2Ms                      bssBANK1      00D5
_Time4Initial                 cinit         0109
_TimeMin                      bssCOMMON     0074
_TimeSec                      bssBANK1      00D2
_TimeUs                       bssBANK1      00D6
_TmsRxH                       bssCOMMON     0072
_TmsRxL                       bssBANK1      00D0
_TouchInital                  cinit         011A
_TouchTimeCount               bssBANK1      00C3
_UART_INITIAL                 cinit         0157
_URDATAL                      (abs)         048C
_URDLH                        (abs)         0495
_URDLL                        (abs)         0494
_URIER                        (abs)         048E
_URLCR                        (abs)         048F
_URMCR                        (abs)         0491
_URTE                         (abs)         2471
_UartSetEmptyInt              text14        04EA
_User_init                    cinit         0163
_WDTCON                       (abs)         0097
_WDT_INITIAL                  cinit         016A
_WPDA                         (abs)         020C
_WPDB                         (abs)         020D
_WPDC                         (abs)         020E
_WPDD                         (abs)         020F
_WPUA                         (abs)         018C
_WPUB                         (abs)         018D
_WPUC                         (abs)         018E
_WPUD                         (abs)         018F
__H_ad3nop_text               _ad3nop_text  0004
__Habs1                       abs1          0000
__Hbank0                      bank0         0000
__Hbank1                      bank1         0000
__Hbank10                     bank10        0000
__Hbank11                     bank11        0000
__Hbank12                     bank12        0000
__Hbank13                     bank13        0000
__Hbank14                     bank14        0000
__Hbank15                     bank15        0000
__Hbank16                     bank16        0000
__Hbank17                     bank17        0000
__Hbank18                     bank18        0000
__Hbank19                     bank19        0000
__Hbank2                      bank2         0000
__Hbank20                     bank20        0000
__Hbank21                     bank21        0000
__Hbank22                     bank22        0000
__Hbank23                     bank23        0000
__Hbank24                     bank24        0000
__Hbank25                     bank25        0000
__Hbank26                     bank26        0000
__Hbank27                     bank27        0000
__Hbank28                     bank28        0000
__Hbank29                     bank29        0000
__Hbank3                      bank3         0000
__Hbank30                     bank30        0000
__Hbank31                     bank31        0000
__Hbank4                      bank4         0000
__Hbank5                      bank5         0000
__Hbank6                      bank6         0000
__Hbank7                      bank7         0000
__Hbank8                      bank8         0000
__Hbank9                      bank9         0000
__Hbigram                     bigram        0000
__HbssBANK1                   bssBANK1      0000
__HbssCOMMON                  bssCOMMON     0000
__Hcinit                      cinit         01DA
__Hclrtext                    clrtext       0000
__Hcode                       code          0000
__Hcommon                     common        0000
__Hconfig                     config        0000
__HcstackBANK0hh              cstackBANK0hh 0000
__HcstackCOMMON               cstackCOMMON  0000
__Heeprom_data                eeprom_data   0000
__Hend_init                   end_init      0036
__Hfunctab                    functab       0000
__Hidloc                      idloc         0000
__Hinit                       init          0034
__Hintentry                   intentry      0034
__Hmaintext                   maintext      0000
__Hpa_nodes0                  pa_nodes0     0000
__Hpowerup                    powerup       0000
__Hram                        ram           0000
__Hreset_vec                  reset_vec     0002
__Hsfr0                       sfr0          0000
__Hsfr1                       sfr1          0000
__Hsfr10                      sfr10         0000
__Hsfr11                      sfr11         0000
__Hsfr12                      sfr12         0000
__Hsfr13                      sfr13         0000
__Hsfr14                      sfr14         0000
__Hsfr15                      sfr15         0000
__Hsfr16                      sfr16         0000
__Hsfr17                      sfr17         0000
__Hsfr18                      sfr18         0000
__Hsfr19                      sfr19         0000
__Hsfr2                       sfr2          0000
__Hsfr20                      sfr20         0000
__Hsfr21                      sfr21         0000
__Hsfr22                      sfr22         0000
__Hsfr23                      sfr23         0000
__Hsfr24                      sfr24         0000
__Hsfr25                      sfr25         0000
__Hsfr26                      sfr26         0000
__Hsfr27                      sfr27         0000
__Hsfr28                      sfr28         0000
__Hsfr29                      sfr29         0000
__Hsfr3                       sfr3          0000
__Hsfr30                      sfr30         0000
__Hsfr31                      sfr31         0000
__Hsfr4                       sfr4          0000
__Hsfr5                       sfr5          0000
__Hsfr6                       sfr6          0000
__Hsfr7                       sfr7          0000
__Hsfr8                       sfr8          0000
__Hsfr9                       sfr9          0000
__Hspace_0                    (abs)         0545
__Hspace_1                    (abs)         00E0
__Hspace_2                    (abs)         0000
__Hspace_3                    (abs)         0000
__Hstack                      stack         0000
__Hstrings                    strings       0000
__Hstringtext1                stringtext1   0000
__Hstringtext2                stringtext2   0000
__Hstringtext3                stringtext3   0000
__Hstringtext4                stringtext4   0000
__Hstringtext5                stringtext5   0000
__Hstringtext6                stringtext6   0000
__Htext                       text          0000
__L_ad3nop_text               _ad3nop_text  0003
__Labs1                       abs1          0000
__Lbank0                      bank0         0000
__Lbank1                      bank1         0000
__Lbank10                     bank10        0000
__Lbank11                     bank11        0000
__Lbank12                     bank12        0000
__Lbank13                     bank13        0000
__Lbank14                     bank14        0000
__Lbank15                     bank15        0000
__Lbank16                     bank16        0000
__Lbank17                     bank17        0000
__Lbank18                     bank18        0000
__Lbank19                     bank19        0000
__Lbank2                      bank2         0000
__Lbank20                     bank20        0000
__Lbank21                     bank21        0000
__Lbank22                     bank22        0000
__Lbank23                     bank23        0000
__Lbank24                     bank24        0000
__Lbank25                     bank25        0000
__Lbank26                     bank26        0000
__Lbank27                     bank27        0000
__Lbank28                     bank28        0000
__Lbank29                     bank29        0000
__Lbank3                      bank3         0000
__Lbank30                     bank30        0000
__Lbank31                     bank31        0000
__Lbank4                      bank4         0000
__Lbank5                      bank5         0000
__Lbank6                      bank6         0000
__Lbank7                      bank7         0000
__Lbank8                      bank8         0000
__Lbank9                      bank9         0000
__Lbigram                     bigram        0000
__LbssBANK1                   bssBANK1      0000
__LbssCOMMON                  bssCOMMON     0000
__Lcinit                      cinit         0036
__Lclrtext                    clrtext       0000
__Lcode                       code          0000
__Lcommon                     common        0000
__Lconfig                     config        0000
__LcstackBANK0hh              cstackBANK0hh 0000
__LcstackCOMMON               cstackCOMMON  0000
__Leeprom_data                eeprom_data   0000
__Lend_init                   end_init      0034
__Lfunctab                    functab       0000
__Lidloc                      idloc         0000
__Linit                       init          0034
__Lintentry                   intentry      0004
__Lmaintext                   maintext      0000
__Lpa_nodes0                  pa_nodes0     0000
__Lpowerup                    powerup       0000
__Lram                        ram           0000
__Lreset_vec                  reset_vec     0000
__Lsfr0                       sfr0          0000
__Lsfr1                       sfr1          0000
__Lsfr10                      sfr10         0000
__Lsfr11                      sfr11         0000
__Lsfr12                      sfr12         0000
__Lsfr13                      sfr13         0000
__Lsfr14                      sfr14         0000
__Lsfr15                      sfr15         0000
__Lsfr16                      sfr16         0000
__Lsfr17                      sfr17         0000
__Lsfr18                      sfr18         0000
__Lsfr19                      sfr19         0000
__Lsfr2                       sfr2          0000
__Lsfr20                      sfr20         0000
__Lsfr21                      sfr21         0000
__Lsfr22                      sfr22         0000
__Lsfr23                      sfr23         0000
__Lsfr24                      sfr24         0000
__Lsfr25                      sfr25         0000
__Lsfr26                      sfr26         0000
__Lsfr27                      sfr27         0000
__Lsfr28                      sfr28         0000
__Lsfr29                      sfr29         0000
__Lsfr3                       sfr3          0000
__Lsfr30                      sfr30         0000
__Lsfr31                      sfr31         0000
__Lsfr4                       sfr4          0000
__Lsfr5                       sfr5          0000
__Lsfr6                       sfr6          0000
__Lsfr7                       sfr7          0000
__Lsfr8                       sfr8          0000
__Lsfr9                       sfr9          0000
__Lspace_0                    (abs)         0000
__Lspace_1                    (abs)         0000
__Lspace_2                    (abs)         0000
__Lspace_3                    (abs)         0000
__Lstack                      stack         0000
__Lstrings                    strings       0000
__Lstringtext1                stringtext1   0000
__Lstringtext2                stringtext2   0000
__Lstringtext3                stringtext3   0000
__Lstringtext4                stringtext4   0000
__Lstringtext5                stringtext5   0000
__Lstringtext6                stringtext6   0000
__Ltext                       text          0000
__S0                          (abs)         0545
__S1                          (abs)         00E0
__S2                          (abs)         0000
__S3                          (abs)         0000
___int_sp                     stack         0000
___latbits                    (abs)         0002
___lbdiv                      text17        0448
___lbdiv@counter              cstackCOMMON  0078
___lbdiv@dividend             cstackCOMMON  0077
___lbdiv@divisor              cstackCOMMON  0076
___lbdiv@quotient             cstackCOMMON  0079
___lbmod                      text17        0480
___lbmod@counter              cstackCOMMON  0079
___lbmod@dividend             cstackCOMMON  0078
___lbmod@divisor              cstackCOMMON  0076
___lbmod@rem                  cstackCOMMON  007A
___sp                         stack         0000
__end_ofPL10                  text17        04AB
__end_ofPL12                  cinit         01DA
__end_ofPL2                   text17        04A5
__end_ofPL4                   cinit         01C7
__end_ofPL6                   cinit         01CE
__end_ofPL8                   cinit         01D4
__end_of_DisplayHandler       text17        0267
__end_of_Display_init         cinit         0073
__end_of_FWHEELSILERB         stringtext2   0540
__end_of_IO_TOUCH_ATTR1       stringtext3   0542
__end_of_ISR                  intentry      0034
__end_of_LONGKEYPROTECT1      stringtext6   0545
__end_of_PRIMARYKEY11         stringtext5   0544
__end_of_RxData_Drive         cinit         0081
__end_of_Rx_Drive             cinit         00D1
__end_of_SCANNINGTIME1        stringtext4   0543
__end_of_SWHEELSILERB         stringtext1   053C
__end_of_ShowLedData          text17        042C
__end_of_SpecialDisplay1      text17        0448
__end_of_SpecialDisplay2      text17        0480
__end_of_Sys_init             cinit         00FB
__end_of_TIME_INIT            cinit         0174
__end_of_Time2Initial         cinit         0109
__end_of_Time4Initial         cinit         011A
__end_of_TouchInital          cinit         0157
__end_of_UART_INITIAL         cinit         0163
__end_of_UartSetEmptyInt      text14        04F3
__end_of_User_init            cinit         016A
__end_of_WDT_INITIAL          cinit         0171
__end_of___lbdiv              text17        0460
__end_of___lbmod              text17        0498
__end_of__initialization      cinit         0050
__end_of_ad3nop               _ad3nop_text  0004
__end_of_exact_event_process  text16        04D3
__end_of_main                 cinit         006E
__end_of_send_uart_data       text14        04EA
__end_ofi1_Rx_Drive           cinit         01BE
__initialization              cinit         0036
__p_ad3nop_text               _ad3nop_text  0003
__pbssBANK1                   bssBANK1      00A0
__pbssBIGRAM                  (abs)         2300
__pbssCOMMON                  bssCOMMON     0070
__pcstackBANK0hh              cstackBANK0hh 002B
__pcstackCOMMON               cstackCOMMON  0076
__pintentry                   intentry      0004
__pmaintext                   cinit         0053
__pstringtext1                stringtext1   0538
__pstringtext2                stringtext2   053C
__pstringtext3                stringtext3   0540
__pstringtext4                stringtext4   0542
__pstringtext5                stringtext5   0543
__pstringtext6                stringtext6   0544
__pswtext1                    swtext1       04F3
__pswtext2                    swtext2       052C
__pswtext3                    swtext3       0500
__ptext1                      cinit         016A
__ptext10                     cinit         0073
__ptext11                     cinit         006E
__ptext13                     cinit         0174
__ptext14                     text14        04D3
__ptext15                     text14        04EA
__ptext16                     text16        04AB
__ptext17                     text17        01DA
__ptext18                     text17        0460
__ptext19                     text17        0480
__ptext2                      cinit         0163
__ptext20                     text17        042C
__ptext21                     text17        0448
__ptext22                     text17        0267
__ptext3                      cinit         0171
__ptext4                      cinit         0157
__ptext5                      cinit         011A
__ptext6                      cinit         0109
__ptext7                      cinit         00FB
__ptext8                      cinit         00D1
__ptext9                      cinit         0081
__size_of_DisplayHandler      (abs)         0000
__size_of_Display_init        (abs)         0000
__size_of_ISR                 (abs)         0000
__size_of_RxData_Drive        (abs)         0000
__size_of_Rx_Drive            (abs)         0000
__size_of_ShowLedData         (abs)         0000
__size_of_SpecialDisplay1     (abs)         0000
__size_of_SpecialDisplay2     (abs)         0000
__size_of_Sys_init            (abs)         0000
__size_of_TIME_INIT           (abs)         0000
__size_of_Time2Initial        (abs)         0000
__size_of_Time4Initial        (abs)         0000
__size_of_TouchInital         (abs)         0000
__size_of_UART_INITIAL        (abs)         0000
__size_of_UartSetEmptyInt     (abs)         0000
__size_of_User_init           (abs)         0000
__size_of_WDT_INITIAL         (abs)         0000
__size_of___lbdiv             (abs)         0000
__size_of___lbmod             (abs)         0000
__size_of_exact_event_process (abs)         0000
__size_of_main                (abs)         0000
__size_of_send_uart_data      (abs)         0000
__size_ofi1_Rx_Drive          (abs)         0000
_ad3nop                       _ad3nop_text  0003
_ad3nop_absaddr               (abs)         0003
_exact_event_process          text16        04AB
_fmd_Keystatus                bssBANK1      00C1
_fmd_Keystatus1               bssBANK1      00BF
_fmd_Keystatus2               bssBANK1      00BD
_fmd_Null0                    (abs)         0020
_fmd_Null1                    (abs)         0023
_fmd_Null2                    (abs)         0024
_fmd_Null3                    (abs)         002A
_fmd_OriginalData             (abs)         0021
_fmd_ReferenceData            (abs)         0025
_fmd_ResultData               (abs)         0027
_fmd_ResultDataH              (abs)         0029
_fmd_a                        bssBANK1      00DF
_fmd_a1                       bssBANK1      00CB
_fmd_a2                       bssBANK1      00CA
_fmd_a3                       bssBANK1      00C9
_fmd_nodownavrdata_Key        (abs)         2378
_fmd_nodownsum_Key            (abs)         2300
_fmd_theUsedChannel           bssBANK1      00A0
_fmd_u                        bssCOMMON     0070
_main                         cinit         0053
_readKeyNum                   bssBANK1      00C5
_send_buf                     bssBANK1      00B7
_send_uart_data               text14        04D3
btemp                         (abs)         007E
clear_ram0                    clrtext       0520
end_of_initialization         cinit         0050
i1_Rx_Drive                   cinit         0174
int$flags                     (abs)         007E
intlevel0                     functab       0000
intlevel1                     functab       0000
intlevel2                     functab       0000
intlevel3                     functab       0000
intlevel4                     functab       0000
intlevel5                     functab       0000
reset_vec                     reset_vec     0000
send_uart_data@ByteNum        bssBANK1      00CC
stackhi                       (abs)         22FF
stacklo                       (abs)         2090
start                         init          0034
start_initialization          cinit         0036
wtemp0                        (abs)         007E


FUNCTION INFORMATION:

 *************** function _main *****************
 Defined at:
		line 152 in file "main.c"
 Parameters:    Size  Location     Type
		None
 Auto vars:     Size  Location     Type
		None
 Return value:  Size  Location     Type
                  1    wreg      void 
 Registers used:
		wreg, fsr0l, fsr0h, fsr1l, fsr1h, status,2, status,0, pclath, cstack
 Tracked objects:
		On entry : 
		On exit  : 
		Unchanged: 
 Data sizes:     COMMON BANK0hh   BANK1   BANK2   BANK3   BANK4   BANK5   BANK6   BANK7   BANK8   BANK9  BANK10  BANK11  BANK12
      Params:         0       0       0       0       0       0       0       0       0       0       0       0       0       0
      Locals:         0       0       0       0       0       0       0       0       0       0       0       0       0       0
      Temps:          0       0       0       0       0       0       0       0       0       0       0       0       0       0
      Totals:         0       0       0       0       0       0       0       0       0       0       0       0       0       0
Total ram usage:        0 bytes
 Hardware stack levels required when called:    6
 This function calls:
		_Display_init
		_RxData_Drive
		_Rx_Drive
		_Sys_init
		_Time2Initial
		_Time4Initial
		_TouchInital
		_UART_INITIAL
		_User_init
		_WDT_INITIAL
 This function is called by:
		Startup code after reset
 This function uses a non-reentrant model


 *************** function _WDT_INITIAL *****************
 Defined at:
		line 43 in file "CHIPINIT.C"
 Parameters:    Size  Location     Type
		None
 Auto vars:     Size  Location     Type
		None
 Return value:  Size  Location     Type
                  1    wreg      void 
 Registers used:
		wreg, status,2
 Tracked objects:
		On entry : 
		On exit  : 
		Unchanged: 
 Data sizes:     COMMON BANK0hh   BANK1   BANK2   BANK3   BANK4   BANK5   BANK6   BANK7   BANK8   BANK9  BANK10  BANK11  BANK12
      Params:         0       0       0       0       0       0       0       0       0       0       0       0       0       0
      Locals:         0       0       0       0       0       0       0       0       0       0       0       0       0       0
      Temps:          0       0       0       0       0       0       0       0       0       0       0       0       0       0
      Totals:         0       0       0       0       0       0       0       0       0       0       0       0       0       0
Total ram usage:        0 bytes
 Hardware stack levels used:    1
 Hardware stack levels required when called:    4
 This function calls:
		Nothing
 This function is called by:
		_main
 This function uses a non-reentrant model


 *************** function _User_init *****************
 Defined at:
		line 664 in file "CHIPINIT.C"
 Parameters:    Size  Location     Type
		None
 Auto vars:     Size  Location     Type
		None
 Return value:  Size  Location     Type
                  1    wreg      void 
 Registers used:
		status,2, status,0, pclath, cstack
 Tracked objects:
		On entry : 
		On exit  : 
		Unchanged: 
 Data sizes:     COMMON BANK0hh   BANK1   BANK2   BANK3   BANK4   BANK5   BANK6   BANK7   BANK8   BANK9  BANK10  BANK11  BANK12
      Params:         0       0       0       0       0       0       0       0       0       0       0       0       0       0
      Locals:         0       0       0       0       0       0       0       0       0       0       0       0       0       0
      Temps:          0       0       0       0       0       0       0       0       0       0       0       0       0       0
      Totals:         0       0       0       0       0       0       0       0       0       0       0       0       0       0
Total ram usage:        0 bytes
 Hardware stack levels used:    1
 Hardware stack levels required when called:    5
 This function calls:
		_TIME_INIT
 This function is called by:
		_main
 This function uses a non-reentrant model


 *************** function _TIME_INIT *****************
 Defined at:
		line 656 in file "CHIPINIT.C"
 Parameters:    Size  Location     Type
		None
 Auto vars:     Size  Location     Type
		None
 Return value:  Size  Location     Type
                  1    wreg      void 
 Registers used:
		status,2
 Tracked objects:
		On entry : 
		On exit  : 
		Unchanged: 
 Data sizes:     COMMON BANK0hh   BANK1   BANK2   BANK3   BANK4   BANK5   BANK6   BANK7   BANK8   BANK9  BANK10  BANK11  BANK12
      Params:         0       0       0       0       0       0       0       0       0       0       0       0       0       0
      Locals:         0       0       0       0       0       0       0       0       0       0       0       0       0       0
      Temps:          0       0       0       0       0       0       0       0       0       0       0       0       0       0
      Totals:         0       0       0       0       0       0       0       0       0       0       0       0       0       0
Total ram usage:        0 bytes
 Hardware stack levels used:    1
 Hardware stack levels required when called:    4
 This function calls:
		Nothing
 This function is called by:
		_User_init
 This function uses a non-reentrant model


 *************** function _UART_INITIAL *****************
 Defined at:
		line 588 in file "CHIPINIT.C"
 Parameters:    Size  Location     Type
		None
 Auto vars:     Size  Location     Type
		None
 Return value:  Size  Location     Type
                  1    wreg      void 
 Registers used:
		wreg, status,2
 Tracked objects:
		On entry : 
		On exit  : 
		Unchanged: 
 Data sizes:     COMMON BANK0hh   BANK1   BANK2   BANK3   BANK4   BANK5   BANK6   BANK7   BANK8   BANK9  BANK10  BANK11  BANK12
      Params:         0       0       0       0       0       0       0       0       0       0       0       0       0       0
      Locals:         0       0       0       0       0       0       0       0       0       0       0       0       0       0
      Temps:          0       0       0       0       0       0       0       0       0       0       0       0       0       0
      Totals:         0       0       0       0       0       0       0       0       0       0       0       0       0       0
Total ram usage:        0 bytes
 Hardware stack levels used:    1
 Hardware stack levels required when called:    4
 This function calls:
		Nothing
 This function is called by:
		_main
 This function uses a non-reentrant model


 *************** function _TouchInital *****************
 Defined at:
		line 229 in file "TOUCH.C"
 Parameters:    Size  Location     Type
		None
 Auto vars:     Size  Location     Type
		None
 Return value:  Size  Location     Type
                  1    wreg      void 
 Registers used:
		wreg, fsr0l, fsr0h, fsr1l, fsr1h, status,2, status,0, pclath
 Tracked objects:
		On entry : 
		On exit  : 
		Unchanged: 
 Data sizes:     COMMON BANK0hh   BANK1   BANK2   BANK3   BANK4   BANK5   BANK6   BANK7   BANK8   BANK9  BANK10  BANK11  BANK12
      Params:         0       0       0       0       0       0       0       0       0       0       0       0       0       0
      Locals:         0       0       0       0       0       0       0       0       0       0       0       0       0       0
      Temps:          0       2       0       0       0       0       0       0       0       0       0       0       0       0
      Totals:         0       2       0       0       0       0       0       0       0       0       0       0       0       0
Total ram usage:        2 bytes
 Hardware stack levels used:    1
 Hardware stack levels required when called:    4
 This function calls:
		Nothing
 This function is called by:
		_main
 This function uses a non-reentrant model


 *************** function _Time4Initial *****************
 Defined at:
		line 495 in file "CHIPINIT.C"
 Parameters:    Size  Location     Type
		None
 Auto vars:     Size  Location     Type
		None
 Return value:  Size  Location     Type
                  1    wreg      void 
 Registers used:
		wreg, status,2
 Tracked objects:
		On entry : 
		On exit  : 
		Unchanged: 
 Data sizes:     COMMON BANK0hh   BANK1   BANK2   BANK3   BANK4   BANK5   BANK6   BANK7   BANK8   BANK9  BANK10  BANK11  BANK12
      Params:         0       0       0       0       0       0       0       0       0       0       0       0       0       0
      Locals:         0       0       0       0       0       0       0       0       0       0       0       0       0       0
      Temps:          0       0       0       0       0       0       0       0       0       0       0       0       0       0
      Totals:         0       0       0       0       0       0       0       0       0       0       0       0       0       0
Total ram usage:        0 bytes
 Hardware stack levels used:    1
 Hardware stack levels required when called:    4
 This function calls:
		Nothing
 This function is called by:
		_main
 This function uses a non-reentrant model


 *************** function _Time2Initial *****************
 Defined at:
		line 475 in file "CHIPINIT.C"
 Parameters:    Size  Location     Type
		None
 Auto vars:     Size  Location     Type
		None
 Return value:  Size  Location     Type
                  1    wreg      void 
 Registers used:
		wreg
 Tracked objects:
		On entry : 
		On exit  : 
		Unchanged: 
 Data sizes:     COMMON BANK0hh   BANK1   BANK2   BANK3   BANK4   BANK5   BANK6   BANK7   BANK8   BANK9  BANK10  BANK11  BANK12
      Params:         0       0       0       0       0       0       0       0       0       0       0       0       0       0
      Locals:         0       0       0       0       0       0       0       0       0       0       0       0       0       0
      Temps:          0       0       0       0       0       0       0       0       0       0       0       0       0       0
      Totals:         0       0       0       0       0       0       0       0       0       0       0       0       0       0
Total ram usage:        0 bytes
 Hardware stack levels used:    1
 Hardware stack levels required when called:    4
 This function calls:
		Nothing
 This function is called by:
		_main
 This function uses a non-reentrant model


 *************** function _Sys_init *****************
 Defined at:
		line 84 in file "CHIPINIT.C"
 Parameters:    Size  Location     Type
		None
 Auto vars:     Size  Location     Type
		None
 Return value:  Size  Location     Type
                  1    wreg      void 
 Registers used:
		wreg, status,2
 Tracked objects:
		On entry : 
		On exit  : 
		Unchanged: 
 Data sizes:     COMMON BANK0hh   BANK1   BANK2   BANK3   BANK4   BANK5   BANK6   BANK7   BANK8   BANK9  BANK10  BANK11  BANK12
      Params:         0       0       0       0       0       0       0       0       0       0       0       0       0       0
      Locals:         0       0       0       0       0       0       0       0       0       0       0       0       0       0
      Temps:          0       0       0       0       0       0       0       0       0       0       0       0       0       0
      Totals:         0       0       0       0       0       0       0       0       0       0       0       0       0       0
Total ram usage:        0 bytes
 Hardware stack levels used:    1
 Hardware stack levels required when called:    4
 This function calls:
		Nothing
 This function is called by:
		_main
 This function uses a non-reentrant model


 *************** function _Rx_Drive *****************
 Defined at:
		line 14 in file "rx.c"
 Parameters:    Size  Location     Type
		None
 Auto vars:     Size  Location     Type
		None
 Return value:  Size  Location     Type
                  1    wreg      void 
 Registers used:
		wreg, fsr1l, fsr1h, status,2, status,0
 Tracked objects:
		On entry : 
		On exit  : 
		Unchanged: 
 Data sizes:     COMMON BANK0hh   BANK1   BANK2   BANK3   BANK4   BANK5   BANK6   BANK7   BANK8   BANK9  BANK10  BANK11  BANK12
      Params:         0       0       0       0       0       0       0       0       0       0       0       0       0       0
      Locals:         0       0       0       0       0       0       0       0       0       0       0       0       0       0
      Temps:          0       4       0       0       0       0       0       0       0       0       0       0       0       0
      Totals:         0       4       0       0       0       0       0       0       0       0       0       0       0       0
Total ram usage:        4 bytes
 Hardware stack levels used:    1
 Hardware stack levels required when called:    4
 This function calls:
		Nothing
 This function is called by:
		_main
 This function uses a non-reentrant model


 *************** function _RxData_Drive *****************
 Defined at:
		line 59 in file "rx.c"
 Parameters:    Size  Location     Type
		None
 Auto vars:     Size  Location     Type
		None
 Return value:  Size  Location     Type
                  1    wreg      void 
 Registers used:
		wreg, status,2, status,0
 Tracked objects:
		On entry : 
		On exit  : 
		Unchanged: 
 Data sizes:     COMMON BANK0hh   BANK1   BANK2   BANK3   BANK4   BANK5   BANK6   BANK7   BANK8   BANK9  BANK10  BANK11  BANK12
      Params:         0       0       0       0       0       0       0       0       0       0       0       0       0       0
      Locals:         0       0       0       0       0       0       0       0       0       0       0       0       0       0
      Temps:          0       0       0       0       0       0       0       0       0       0       0       0       0       0
      Totals:         0       0       0       0       0       0       0       0       0       0       0       0       0       0
Total ram usage:        0 bytes
 Hardware stack levels used:    1
 Hardware stack levels required when called:    4
 This function calls:
		Nothing
 This function is called by:
		_main
 This function uses a non-reentrant model


 *************** function _Display_init *****************
 Defined at:
		line 675 in file "CHIPINIT.C"
 Parameters:    Size  Location     Type
		None
 Auto vars:     Size  Location     Type
		None
 Return value:  Size  Location     Type
                  1    wreg      void 
 Registers used:
		wreg, status,2, status,0
 Tracked objects:
		On entry : 
		On exit  : 
		Unchanged: 
 Data sizes:     COMMON BANK0hh   BANK1   BANK2   BANK3   BANK4   BANK5   BANK6   BANK7   BANK8   BANK9  BANK10  BANK11  BANK12
      Params:         0       0       0       0       0       0       0       0       0       0       0       0       0       0
      Locals:         0       0       0       0       0       0       0       0       0       0       0       0       0       0
      Temps:          0       0       0       0       0       0       0       0       0       0       0       0       0       0
      Totals:         0       0       0       0       0       0       0       0       0       0       0       0       0       0
Total ram usage:        0 bytes
 Hardware stack levels used:    1
 Hardware stack levels required when called:    4
 This function calls:
		Nothing
 This function is called by:
		_main
 This function uses a non-reentrant model


 *************** function _ISR *****************
 Defined at:
		line 51 in file "CHIPINIT.C"
 Parameters:    Size  Location     Type
		None
 Auto vars:     Size  Location     Type
		None
 Return value:  Size  Location     Type
                  1    wreg      void 
 Registers used:
		wreg, fsr0l, fsr0h, fsr1l, fsr1h, status,2, status,0, pclath, cstack
 Tracked objects:
		On entry : 
		On exit  : 
		Unchanged: 
 Data sizes:     COMMON BANK0hh   BANK1   BANK2   BANK3   BANK4   BANK5   BANK6   BANK7   BANK8   BANK9  BANK10  BANK11  BANK12
      Params:         0       0       0       0       0       0       0       0       0       0       0       0       0       0
      Locals:         0       0       0       0       0       0       0       0       0       0       0       0       0       0
      Temps:          0       0       0       0       0       0       0       0       0       0       0       0       0       0
      Totals:         0       0       0       0       0       0       0       0       0       0       0       0       0       0
Total ram usage:        0 bytes
 Hardware stack levels used:    1
 Hardware stack levels required when called:    3
 This function calls:
		_DisplayHandler
		_exact_event_process
		_send_uart_data
		i1_Rx_Drive
 This function is called by:
		Interrupt level 1
 This function uses a non-reentrant model


 *************** function i1_Rx_Drive *****************
 Defined at:
		line 14 in file "rx.c"
 Parameters:    Size  Location     Type
		None
 Auto vars:     Size  Location     Type
		None
 Return value:  Size  Location     Type
                  1    wreg      void 
 Registers used:
		wreg, fsr1l, fsr1h, status,2, status,0
 Tracked objects:
		On entry : 
		On exit  : 
		Unchanged: 
 Data sizes:     COMMON BANK0hh   BANK1   BANK2   BANK3   BANK4   BANK5   BANK6   BANK7   BANK8   BANK9  BANK10  BANK11  BANK12
      Params:         0       0       0       0       0       0       0       0       0       0       0       0       0       0
      Locals:         0       0       0       0       0       0       0       0       0       0       0       0       0       0
      Temps:          4       0       0       0       0       0       0       0       0       0       0       0       0       0
      Totals:         4       0       0       0       0       0       0       0       0       0       0       0       0       0
Total ram usage:        4 bytes
 Hardware stack levels used:    1
 This function calls:
		Nothing
 This function is called by:
		_ISR
 This function uses a non-reentrant model


 *************** function _send_uart_data *****************
 Defined at:
		line 27 in file "uart.c"
 Parameters:    Size  Location     Type
		None
 Auto vars:     Size  Location     Type
		None
 Return value:  Size  Location     Type
                  1    wreg      void 
 Registers used:
		wreg, fsr1l, fsr1h, status,2, status,0, pclath, cstack
 Tracked objects:
		On entry : 
		On exit  : 
		Unchanged: 
 Data sizes:     COMMON BANK0hh   BANK1   BANK2   BANK3   BANK4   BANK5   BANK6   BANK7   BANK8   BANK9  BANK10  BANK11  BANK12
      Params:         0       0       0       0       0       0       0       0       0       0       0       0       0       0
      Locals:         0       0       0       0       0       0       0       0       0       0       0       0       0       0
      Temps:          0       0       0       0       0       0       0       0       0       0       0       0       0       0
      Totals:         0       0       0       0       0       0       0       0       0       0       0       0       0       0
Total ram usage:        0 bytes
 Hardware stack levels used:    1
 Hardware stack levels required when called:    1
 This function calls:
		_UartSetEmptyInt
 This function is called by:
		_ISR
 This function uses a non-reentrant model


 *************** function _UartSetEmptyInt *****************
 Defined at:
		line 44 in file "uart.c"
 Parameters:    Size  Location     Type
  value           1    wreg     unsigned char 
 Auto vars:     Size  Location     Type
  value           1    0[COMMON] unsigned char 
 Return value:  Size  Location     Type
                  1    wreg      void 
 Registers used:
		wreg
 Tracked objects:
		On entry : 
		On exit  : 
		Unchanged: 
 Data sizes:     COMMON BANK0hh   BANK1   BANK2   BANK3   BANK4   BANK5   BANK6   BANK7   BANK8   BANK9  BANK10  BANK11  BANK12
      Params:         0       0       0       0       0       0       0       0       0       0       0       0       0       0
      Locals:         1       0       0       0       0       0       0       0       0       0       0       0       0       0
      Temps:          0       0       0       0       0       0       0       0       0       0       0       0       0       0
      Totals:         1       0       0       0       0       0       0       0       0       0       0       0       0       0
Total ram usage:        1 bytes
 Hardware stack levels used:    1
 This function calls:
		Nothing
 This function is called by:
		_send_uart_data
 This function uses a non-reentrant model


 *************** function _exact_event_process *****************
 Defined at:
		line 5 in file "CHIPINIT.C"
 Parameters:    Size  Location     Type
		None
 Auto vars:     Size  Location     Type
		None
 Return value:  Size  Location     Type
                  1    wreg      void 
 Registers used:
		wreg, status,2, status,0
 Tracked objects:
		On entry : 
		On exit  : 
		Unchanged: 
 Data sizes:     COMMON BANK0hh   BANK1   BANK2   BANK3   BANK4   BANK5   BANK6   BANK7   BANK8   BANK9  BANK10  BANK11  BANK12
      Params:         0       0       0       0       0       0       0       0       0       0       0       0       0       0
      Locals:         0       0       0       0       0       0       0       0       0       0       0       0       0       0
      Temps:          0       0       0       0       0       0       0       0       0       0       0       0       0       0
      Totals:         0       0       0       0       0       0       0       0       0       0       0       0       0       0
Total ram usage:        0 bytes
 Hardware stack levels used:    1
 This function calls:
		Nothing
 This function is called by:
		_ISR
 This function uses a non-reentrant model


 *************** function _DisplayHandler *****************
 Defined at:
		line 243 in file "sub.c"
 Parameters:    Size  Location     Type
		None
 Auto vars:     Size  Location     Type
		None
 Return value:  Size  Location     Type
                  1    wreg      void 
 Registers used:
		wreg, fsr0l, fsr0h, status,2, status,0, pclath, cstack
 Tracked objects:
		On entry : 
		On exit  : 
		Unchanged: 
 Data sizes:     COMMON BANK0hh   BANK1   BANK2   BANK3   BANK4   BANK5   BANK6   BANK7   BANK8   BANK9  BANK10  BANK11  BANK12
      Params:         0       0       0       0       0       0       0       0       0       0       0       0       0       0
      Locals:         0       0       0       0       0       0       0       0       0       0       0       0       0       0
      Temps:          0       0       0       0       0       0       0       0       0       0       0       0       0       0
      Totals:         0       0       0       0       0       0       0       0       0       0       0       0       0       0
Total ram usage:        0 bytes
 Hardware stack levels used:    1
 Hardware stack levels required when called:    2
 This function calls:
		_ShowLedData
		_SpecialDisplay1
		_SpecialDisplay2
 This function is called by:
		_ISR
 This function uses a non-reentrant model


 *************** function _SpecialDisplay2 *****************
 Defined at:
		line 224 in file "sub.c"
 Parameters:    Size  Location     Type
		None
 Auto vars:     Size  Location     Type
  DspBuf          1    5[COMMON] unsigned char 
 Return value:  Size  Location     Type
                  1    wreg      unsigned char 
 Registers used:
		wreg, fsr0l, fsr0h, status,2, status,0, pclath, cstack
 Tracked objects:
		On entry : 
		On exit  : 
		Unchanged: 
 Data sizes:     COMMON BANK0hh   BANK1   BANK2   BANK3   BANK4   BANK5   BANK6   BANK7   BANK8   BANK9  BANK10  BANK11  BANK12
      Params:         0       0       0       0       0       0       0       0       0       0       0       0       0       0
      Locals:         1       0       0       0       0       0       0       0       0       0       0       0       0       0
      Temps:          0       0       0       0       0       0       0       0       0       0       0       0       0       0
      Totals:         1       0       0       0       0       0       0       0       0       0       0       0       0       0
Total ram usage:        1 bytes
 Hardware stack levels used:    1
 Hardware stack levels required when called:    1
 This function calls:
		___lbmod
 This function is called by:
		_DisplayHandler
 This function uses a non-reentrant model


 *************** function ___lbmod *****************
 Defined at:
		line 4 in file "D:\Documents\WeChat Files\wxid_25ac4ia98up622\FileStorage\File\2022-10\IDE3.0.9\data\sources\common\lbmod.c"
 Parameters:    Size  Location     Type
  dividend        1    wreg     unsigned char 
  divisor         1    0[COMMON] unsigned char 
 Auto vars:     Size  Location     Type
  dividend        1    2[COMMON] unsigned char 
  rem             1    4[COMMON] unsigned char 
  counter         1    3[COMMON] unsigned char 
 Return value:  Size  Location     Type
                  1    wreg      unsigned char 
 Registers used:
		wreg, status,2, status,0
 Tracked objects:
		On entry : 
		On exit  : 
		Unchanged: 
 Data sizes:     COMMON BANK0hh   BANK1   BANK2   BANK3   BANK4   BANK5   BANK6   BANK7   BANK8   BANK9  BANK10  BANK11  BANK12
      Params:         1       0       0       0       0       0       0       0       0       0       0       0       0       0
      Locals:         3       0       0       0       0       0       0       0       0       0       0       0       0       0
      Temps:          1       0       0       0       0       0       0       0       0       0       0       0       0       0
      Totals:         5       0       0       0       0       0       0       0       0       0       0       0       0       0
Total ram usage:        5 bytes
 Hardware stack levels used:    1
 This function calls:
		Nothing
 This function is called by:
		_SpecialDisplay2
 This function uses a non-reentrant model


 *************** function _SpecialDisplay1 *****************
 Defined at:
		line 208 in file "sub.c"
 Parameters:    Size  Location     Type
		None
 Auto vars:     Size  Location     Type
  DspBuf          1    4[COMMON] unsigned char 
 Return value:  Size  Location     Type
                  1    wreg      unsigned char 
 Registers used:
		wreg, fsr0l, fsr0h, status,2, status,0, pclath, cstack
 Tracked objects:
		On entry : 
		On exit  : 
		Unchanged: 
 Data sizes:     COMMON BANK0hh   BANK1   BANK2   BANK3   BANK4   BANK5   BANK6   BANK7   BANK8   BANK9  BANK10  BANK11  BANK12
      Params:         0       0       0       0       0       0       0       0       0       0       0       0       0       0
      Locals:         1       0       0       0       0       0       0       0       0       0       0       0       0       0
      Temps:          0       0       0       0       0       0       0       0       0       0       0       0       0       0
      Totals:         1       0       0       0       0       0       0       0       0       0       0       0       0       0
Total ram usage:        1 bytes
 Hardware stack levels used:    1
 Hardware stack levels required when called:    1
 This function calls:
		___lbdiv
 This function is called by:
		_DisplayHandler
 This function uses a non-reentrant model


 *************** function ___lbdiv *****************
 Defined at:
		line 4 in file "D:\Documents\WeChat Files\wxid_25ac4ia98up622\FileStorage\File\2022-10\IDE3.0.9\data\sources\common\lbdiv.c"
 Parameters:    Size  Location     Type
  dividend        1    wreg     unsigned char 
  divisor         1    0[COMMON] unsigned char 
 Auto vars:     Size  Location     Type
  dividend        1    1[COMMON] unsigned char 
  quotient        1    3[COMMON] unsigned char 
  counter         1    2[COMMON] unsigned char 
 Return value:  Size  Location     Type
                  1    wreg      unsigned char 
 Registers used:
		wreg, status,2, status,0
 Tracked objects:
		On entry : 
		On exit  : 
		Unchanged: 
 Data sizes:     COMMON BANK0hh   BANK1   BANK2   BANK3   BANK4   BANK5   BANK6   BANK7   BANK8   BANK9  BANK10  BANK11  BANK12
      Params:         1       0       0       0       0       0       0       0       0       0       0       0       0       0
      Locals:         3       0       0       0       0       0       0       0       0       0       0       0       0       0
      Temps:          0       0       0       0       0       0       0       0       0       0       0       0       0       0
      Totals:         4       0       0       0       0       0       0       0       0       0       0       0       0       0
Total ram usage:        4 bytes
 Hardware stack levels used:    1
 This function calls:
		Nothing
 This function is called by:
		_SpecialDisplay1
 This function uses a non-reentrant model


 *************** function _ShowLedData *****************
 Defined at:
		line 184 in file "sub.c"
 Parameters:    Size  Location     Type
  DspBuf          1    wreg     unsigned char 
 Auto vars:     Size  Location     Type
  DspBuf          1    0[COMMON] unsigned char 
 Return value:  Size  Location     Type
                  1    wreg      void 
 Registers used:
		wreg, fsr0l, fsr0h, status,2, status,0
 Tracked objects:
		On entry : 
		On exit  : 
		Unchanged: 
 Data sizes:     COMMON BANK0hh   BANK1   BANK2   BANK3   BANK4   BANK5   BANK6   BANK7   BANK8   BANK9  BANK10  BANK11  BANK12
      Params:         0       0       0       0       0       0       0       0       0       0       0       0       0       0
      Locals:         1       0       0       0       0       0       0       0       0       0       0       0       0       0
      Temps:          0       0       0       0       0       0       0       0       0       0       0       0       0       0
      Totals:         1       0       0       0       0       0       0       0       0       0       0       0       0       0
Total ram usage:        1 bytes
 Hardware stack levels used:    1
 This function calls:
		Nothing
 This function is called by:
		_DisplayHandler
 This function uses a non-reentrant model



MODULE INFORMATION

Module		Function		Class		Link	Load	Size
CHIPINIT.C
		_Time2Initial  		CODE           	00FB	0000	15
		_ISR           		CODE           	0004	0000	49
		_exact_event_process		CODE           	04AB	0000	41
		_UART_INITIAL  		CODE           	0157	0000	13
		_Time4Initial  		CODE           	0109	0000	18
		_User_init     		CODE           	0163	0000	8
		_Sys_init      		CODE           	00D1	0000	43
		_WDT_INITIAL   		CODE           	016A	0000	8
		_Display_init  		CODE           	006E	0000	6
		_TIME_INIT     		CODE           	0171	0000	4

CHIPINIT.C estimated size: 205

uart.c
		_UartSetEmptyInt		CODE           	04EA	0000	10
		_send_uart_data		CODE           	04D3	0000	24

uart.c estimated size: 34

sub.c
		_DisplayHandler		CODE           	01DA	0000	142
		_SpecialDisplay1		CODE           	042C	0000	29
		_SpecialDisplay2		CODE           	0460	0000	33
		_ShowLedData   		CODE           	0267	0000	454

sub.c estimated size: 658

D:\Documents\WeChat Files\wxid_25ac4ia98up622\FileStorage\File\2022-10\IDE3.0.9\data\sources\common\lbmod.c
		___lbmod       		CODE           	0480	0000	25

D:\Documents\WeChat Files\wxid_25ac4ia98up622\FileStorage\File\2022-10\IDE3.0.9\data\sources\common\lbmod.c estimated size: 25

TOUCH.C
		_TouchInital   		CODE           	011A	0000	62

TOUCH.C estimated size: 62

shared
		PL12           		CODE           	01D4	0000	7
		PL8            		CODE           	01CE	0000	7
		_SWHEELSILERB  		STRCODE        	0538	0000	5
		_PRIMARYKEY11  		STRCODE        	0000	0000	0
		_SCANNINGTIME1 		STRCODE        	0000	0000	0
		_LONGKEYPROTECT1		STRCODE        	0000	0000	0
		__initialization		CODE           	0036	0000	27
		_ad3nop        		CODE           	0003	0000	2
		i1_Rx_Drive    		CODE           	0174	0000	75
		PL2            		CODE           	0498	0000	14
		_FWHEELSILERB  		STRCODE        	053C	0000	5
		PL10           		CODE           	04A5	0000	7
		PL4            		CODE           	01BE	0000	10
		_IO_TOUCH_ATTR1		STRCODE        	0000	0000	0
		PL6            		CODE           	01C7	0000	8

shared estimated size: 167

D:\Documents\WeChat Files\wxid_25ac4ia98up622\FileStorage\File\2022-10\IDE3.0.9\data\sources\common\lbdiv.c
		___lbdiv       		CODE           	0448	0000	25

D:\Documents\WeChat Files\wxid_25ac4ia98up622\FileStorage\File\2022-10\IDE3.0.9\data\sources\common\lbdiv.c estimated size: 25

rx.c
		_Rx_Drive      		CODE           	0081	0000	81
		_RxData_Drive  		CODE           	0073	0000	15

rx.c estimated size: 96

main.c
		_main          		CODE           	0053	0000	28

main.c estimated size: 28

