GNU Tool Chain  

Linker command line:

\
  --edf=D:\Documents\WeChat Files\wxid_25ac4ia98up622\FileStorage\File\2022-10\IDE3.0.9\data\dat\en_msgs.txt \
  -cs -h+touchlib.sym --cmf=touchlib.cmf -z -QFT62F08X \
  -oC:\Users\ADMINI~1\AppData\Local\Temp\s4hk.2 -Mtouchlib.map -E1 -ver=XC8 \
  -ASTACK=0210Eh-022ffh -pstack=STACK -p_ad3nop_text=3h -ACODE=00h-07FFhx4 \
  -ASTRCODE=00h-01FFFh -ASTRING=00h-0FFhx32 -ACONST=00h-0FFhx32 \
  -AENTRY=00h-0FFhx32 -ACOMMON=070h-07Fh -ABANK0=020h-06Fh \
  -ABANK1=0A0h-0EFh -ABANK2=0120h-016Fh -ABANK3=01A0h-01EFh \
  -ABANK4=0220h-026Fh -ABANK5=02A0h-02EFh -ABANK6=0320h-036Fh \
  -ABANK7=03A0h-03EFh -ABANK8=0420h-046Fh -ABANK9=04A0h-04EFh \
  -ABANK10=0520h-056Fh -ABANK11=05A0h-05EFh -ABANK12=0620h-064Fh \
  -ABIGRAM=02000h-023EFh \
  -ARAM=020h-06Fh,0A0h-0EFh,0120h-016Fh,01A0h-01EFh,0220h-026Fh,02A0h-02EFh,0320h-036Fh,03A0h-03EFh,0420h-046Fh,04A0h-04EFh,0520h-056Fh,05A0h-05EFh,0620h-064Fh \
  -AABS1=020h-07Fh,0A0h-0EFh,0120h-016Fh,01A0h-01EFh,0220h-026Fh,02A0h-02EFh,0320h-036Fh,03A0h-03EFh,0420h-046Fh,04A0h-04EFh,0520h-056Fh,05A0h-05EFh,0620h-064Fh \
  -ASFR0=00h-01Fh -ASFR1=080h-09Fh -ASFR2=0100h-011Fh -ASFR3=0180h-019Fh \
  -ASFR4=0200h-021Fh -ASFR5=0280h-029Fh -ASFR6=0300h-031Fh \
  -ASFR7=0380h-039Fh -ASFR8=0400h-041Fh -ASFR9=0480h-049Fh \
  -ASFR10=0500h-051Fh -ASFR11=0580h-059Fh -ASFR12=0600h-061Fh \
  -ASFR13=0680h-06EFh -ASFR14=0700h-076Fh -ASFR15=0780h-07EFh \
  -ASFR16=0800h-086Fh -ASFR17=0880h-08EFh -ASFR18=0900h-096Fh \
  -ASFR19=0980h-09EFh -ASFR20=0A00h-0A6Fh -ASFR21=0A80h-0AEFh \
  -ASFR22=0B00h-0B6Fh -ASFR23=0B80h-0BEFh -ASFR24=0C00h-0C6Fh \
  -ASFR25=0C80h-0CEFh -ASFR26=0D00h-0D6Fh -ASFR27=0D80h-0DEFh \
  -ASFR28=0E00h-0E6Fh -ASFR29=0E80h-0EEFh -ASFR30=0F00h-0F6Fh \
  -ASFR31=0F80h-0FEFh -preset_vec=00h,intentry=04h,init,end_init \
  -ppowerup=CODE -pcinit=CODE -pfunctab=ENTRY -ACONFIG=08007h-08008h \
  -pconfig=CONFIG -DCONFIG=2 -AIDLOC=08000h-08003h -pidloc=IDLOC -DIDLOC=2 \
  -AEEDATA=00h-0FFh/0F000h -peeprom_data=EEDATA -DEEDATA=2 -DCODE=2 \
  -DSTRCODE=2 -DSTRING=2 -DCONST=2 -DENTRY=2 -k \
  C:\Users\ADMINI~1\AppData\Local\Temp\s4hk.obj touchlib.obj 

Object code version is 3.11

Machine type is FT62F08X



                Name                               Link     Load   Length Selector   Space Scale
C:\Users\ADMINI~1\AppData\Local\Temp\s4hk.obj
                end_init                             37       37        2        8       0
                reset_vec                             0        0        2        0       0
touchlib.obj    cinit                               807      807      7F9     100E       0
                intentry                              4        4       33        8       0
                swtext4                             678      678       20      CF0       0
                swtext3                             6CE      6CE        C      D6C       0
                swtext2                             6C2      6C2        C      D6C       0
                text41                             1531     1531      2CF     2A62       0
                swtext1                             6B6      6B6        C      D6C       0
                text40                              5AC      5AC       7E        8       0
                text39                              62A      62A       2D        8       0
                text37                              657      657       21        8       0
                text28                               39       39      573        8       0
                text27                              698      698       12      D30       0
                cstackBANK0hh                        4C       4C       21       2B       1
                cstackCOMMON                         70       70        6       70       1
                clrtext                             6AA      6AA        C      D30       0
                bssBANK3                            1A0      1A0       1E      1A0       1
                bssBANK2                            120      120       40      120       1
                dataBANK1                            E5       E5        8       A0       1
                bssBANK1                             A0       A0       45       A0       1
                bssBANK0hh                           2B       2B       21       2B       1
                bssCOMMON                            77       77        5       70       1
                bitbssCOMMON                        3B0       76        5       70       1     8
                _ad3nop_text                          3        3        1        6       0
                stringtext8                        18C0     18C0        1     3000       0
                stringtext7                        18BF     18BF        1     3000       0
                stringtext6                        18BE     18BE        1     3000       0
                stringtext5                        18BC     18BC        2     3000       0
                stringtext4                        18B8     18B8        4     3000       0
                stringtext3                        18B4     18B4        4     3000       0
                stringtext2                        185A     185A       5A     3000       0
                stringtext1                        1800     1800       5A     3000       0

TOTAL           Name                               Link     Load   Length     Space
        CLASS   STACK          

        CLASS   CODE           
                end_init                             37       37        2         0
                cinit                               807      807      7F9         0
                intentry                              4        4       33         0
                reset_vec                             0        0        2         0
                text41                             1531     1531      2CF         0
                text40                              5AC      5AC       7E         0
                text39                              62A      62A       2D         0
                text37                              657      657       21         0
                text28                               39       39      573         0
                text27                              698      698       12         0
                clrtext                             6AA      6AA        C         0
                _ad3nop_text                          3        3        1         0

        CLASS   STRCODE        
                stringtext8                        18C0     18C0        1         0
                stringtext7                        18BF     18BF        1         0
                stringtext6                        18BE     18BE        1         0
                stringtext5                        18BC     18BC        2         0
                stringtext4                        18B8     18B8        4         0
                stringtext3                        18B4     18B4        4         0
                stringtext2                        185A     185A       5A         0
                stringtext1                        1800     1800       5A         0

        CLASS   STRING         

        CLASS   CONST          
                swtext4                             678      678       20         0
                swtext3                             6CE      6CE        C         0
                swtext2                             6C2      6C2        C         0
                swtext1                             6B6      6B6        C         0

        CLASS   ENTRY          

        CLASS   COMMON         
                cstackCOMMON                         70       70        6         1
                bssCOMMON                            77       77        5         1
                bitbssCOMMON                        3B0       76        5         1

        CLASS   BANK0          
                cstackBANK0hh                        4C       4C       21         1
                bssBANK0hh                           2B       2B       21         1

        CLASS   BANK1          
                dataBANK1                            E5       E5        8         1
                bssBANK1                             A0       A0       45         1

        CLASS   BANK2          
                bssBANK2                            120      120       40         1

        CLASS   BANK3          
                bssBANK3                            1A0      1A0       1E         1

        CLASS   BANK4          

        CLASS   BANK5          

        CLASS   BANK6          

        CLASS   BANK7          

        CLASS   BANK8          

        CLASS   BANK9          

        CLASS   BANK10         

        CLASS   BANK11         

        CLASS   BANK12         

        CLASS   BIGRAM         

        CLASS   RAM            

        CLASS   ABS1           
                abs_s1                               20       20        B         1
                abs_s1                               7E       7E        2         1
                abs_s1                              4D0      4D0       20         1
                abs_s1                              520      520       50         1
                abs_s1                              5A0      5A0       50         1
                abs_s1                              620      620       30         1
                abs_s1                             2300     2300        0         1
                abs_s1                             2378     2378        0         1

        CLASS   SFR0           

        CLASS   SFR1           

        CLASS   SFR2           

        CLASS   SFR3           

        CLASS   SFR4           

        CLASS   SFR5           

        CLASS   SFR6           

        CLASS   SFR7           

        CLASS   SFR8           

        CLASS   SFR9           

        CLASS   SFR10          

        CLASS   SFR11          

        CLASS   SFR12          

        CLASS   SFR13          

        CLASS   SFR14          

        CLASS   SFR15          

        CLASS   SFR16          

        CLASS   SFR17          

        CLASS   SFR18          

        CLASS   SFR19          

        CLASS   SFR20          

        CLASS   SFR21          

        CLASS   SFR22          

        CLASS   SFR23          

        CLASS   SFR24          

        CLASS   SFR25          

        CLASS   SFR26          

        CLASS   SFR27          

        CLASS   SFR28          

        CLASS   SFR29          

        CLASS   SFR30          

        CLASS   SFR31          

        CLASS   CONFIG         

        CLASS   IDLOC          

        CLASS   EEDATA         

        CLASS   BANK31         

        CLASS   BANK30         

        CLASS   BANK29         

        CLASS   BANK28         

        CLASS   BANK27         

        CLASS   BANK26         

        CLASS   BANK25         

        CLASS   BANK24         

        CLASS   BANK23         

        CLASS   BANK22         

        CLASS   BANK21         

        CLASS   BANK20         

        CLASS   BANK19         

        CLASS   BANK18         

        CLASS   BANK17         

        CLASS   BANK16         

        CLASS   BANK15         

        CLASS   BANK14         

        CLASS   BANK13         



SEGMENTS        Name                           Load    Length   Top    Selector   Space  Class     Delta

                reset_vec                      000000  000002  000002         0       0  CODE        2
                _ad3nop_text                   000003  000001  000004         6       0  CODE        2
                intentry                       000004  000674  000678         8       0  CODE        2
                bssBANK0hh                     00002B  000042  00006D        2B       1  BANK0       1
                cstackCOMMON                   000070  00000C  00007C        70       1  COMMON      1
                bssBANK1                       0000A0  00004D  0000ED        A0       1  BANK1       1
                bssBANK2                       000120  000040  000160       120       1  BANK2       1
                bssBANK3                       0001A0  00001E  0001BE       1A0       1  BANK3       1
                swtext4                        000678  000020  000698       CF0       0  CONST       2
                text27                         000698  00001E  0006B6       D30       0  CODE        2
                swtext1                        0006B6  000024  0006DA       D6C       0  CONST       2
                cinit                          000807  0007F9  001000      100E       0  CODE        2
                text41                         001531  0002CF  001800      2A62       0  CODE        2
                stringtext1                    001800  0000C1  0018C1      3000       0  STRCODE     2


UNUSED ADDRESS RANGES

        Name                Unused          Largest block    Delta
        BANK0            006D-006F              3           1
        BANK1            00ED-00EF              3           1
        BANK2            0160-016F             10           1
        BANK3            01BE-01EF             32           1
        BANK4            0220-026F             50           1
        BANK5            02A0-02EF             50           1
        BANK6            0320-036F             50           1
        BANK7            03A0-03EF             50           1
        BANK8            0420-046F             50           1
        BANK9            04A0-04CF             30           1
        BIGRAM           2000-23EF            3F0           1
        CODE             0002-0002              1           2
                         06DA-0806            126
                         1000-1530            531
                         18C1-1FFF            73F
        COMMON           007C-007D              2           1
        CONFIG           8007-8008              2           2
        CONST            0002-0002              1           2
                         06DA-0806            100
                         1000-1530            100
                         18C1-1FFF            100
        EEDATA           F000-F0FF            100           2
        ENTRY            0002-0002              1           2
                         06DA-0806            100
                         1000-1530            100
                         18C1-1FFF            100
        IDLOC            8000-8003              4           2
        RAM              006D-006F              3           1
                         00ED-00EF              3
                         0160-016F             10
                         01BE-01EF             32
                         0220-026F             50
                         02A0-02EF             50
                         0320-036F             50
                         03A0-03EF             50
                         0420-046F             50
                         04A0-04CF             30
        SFR0             0000-001F             20           1
        SFR1             0080-009F             20           1
        SFR10            0500-051F             20           1
        SFR11            0580-059F             20           1
        SFR12            0600-061F             20           1
        SFR13            0680-06EF             70           1
        SFR14            0700-076F             70           1
        SFR15            0780-07EF             70           1
        SFR16            0800-086F             70           1
        SFR17            0880-08EF             70           1
        SFR18            0900-096F             70           1
        SFR19            0980-09EF             70           1
        SFR2             0100-011F             20           1
        SFR20            0A00-0A6F             70           1
        SFR21            0A80-0AEF             70           1
        SFR22            0B00-0B6F             70           1
        SFR23            0B80-0BEF             70           1
        SFR24            0C00-0C6F             70           1
        SFR25            0C80-0CEF             70           1
        SFR26            0D00-0D6F             70           1
        SFR27            0D80-0DEF             70           1
        SFR28            0E00-0E6F             70           1
        SFR29            0E80-0EEF             70           1
        SFR3             0180-019F             20           1
        SFR30            0F00-0F6F             70           1
        SFR31            0F80-0FEF             70           1
        SFR4             0200-021F             20           1
        SFR5             0280-029F             20           1
        SFR6             0300-031F             20           1
        SFR7             0380-039F             20           1
        SFR8             0400-041F             20           1
        SFR9             0480-049F             20           1
        STACK            210E-22FF            1F2           1
        STRCODE          0002-0002              1           2
                         06DA-0806            12D
                         1000-1530            531
                         18C1-1FFF            73F
        STRING           0002-0002              1           2
                         06DA-0806            100
                         1000-1530            100
                         18C1-1FFF            100

                                  Symbol Table

?_TouchKeyScan                    cstackBANK0hh 006B
?___awdiv                         cstackBANK0hh 004C
?___wmul                          cstackBANK0hh 004C
CheckRfCmd@rfcmd                  cstackBANK0hh 004C
DisplayHandler@DspBuf             bssBANK1      00D0
DisplayHandler@DspCnt             bssBANK1      00CF
DisplayHandler@LedMenuIndex       bssBANK1      00D1
HighFreqCo@a                      cstackBANK0hh 0052
MxSet013@a                        cstackBANK0hh 004C
PL10                              cinit         0C22
PL100                             text28        05A7
PL102                             cinit         0D92
PL104                             text40        0622
PL106                             text40        0626
PL108                             cinit         0F1E
PL12                              cinit         0C3F
PL14                              cinit         0C5C
PL16                              cinit         0C78
PL18                              cinit         0CA4
PL2                               cinit         0C14
PL20                              text28        04AF
PL22                              cinit         0CCE
PL24                              text28        04CC
PL26                              text28        04D2
PL28                              text28        04DF
PL30                              text28        0505
PL32                              text28        050E
PL34                              text28        0514
PL36                              cinit         0CF6
PL38                              cinit         0CFE
PL4                               text28        0479
PL40                              cinit         0D16
PL42                              cinit         0D1E
PL44                              text28        0532
PL46                              cinit         0D2D
PL48                              cinit         0D3E
PL50                              cinit         0D4F
PL52                              text28        0539
PL54                              cinit         0D62
PL56                              text28        0540
PL58                              text28        0550
PL6                               text28        0493
PL60                              text41        17ED
PL62                              cinit         0D71
PL64                              cinit         0D77
PL66                              text28        055E
PL68                              text28        0563
PL70                              text28        056D
PL72                              text28        0576
PL74                              text28        057C
PL76                              text28        0582
PL78                              text28        0588
PL8                               text28        04A9
PL80                              text28        058E
PL82                              text41        17FA
PL84                              cinit         0D7C
PL86                              cinit         0E7A
PL88                              cinit         0D82
PL90                              cinit         0D88
PL92                              cinit         0D8D
PL94                              text28        0595
PL96                              text28        059B
PL98                              text28        05A1
ShowLedData@DspBuf                cstackCOMMON  0070
SpecialDisplay1@DspBuf            cstackCOMMON  0074
SpecialDisplay2@DspBuf            cstackCOMMON  0075
StartHigeFreq@a                   cstackBANK0hh 0051
TouchInit@Time                    cstackBANK0hh 004C
UartSetEmptyInt@value             cstackBANK0hh 004C
_ACTIVE_SENSOR_DELTA              stringtext2   185A
_ANSELA                           (abs)         0197
_BuzzerCnt                        bssBANK1      00C5
_CKOCON                           (abs)         0095
_CheckRfCmd                       cinit         0FE9
_ChkTimeEventStatus               cinit         089A
_DIV                              cinit         0B18
_DataProcessing                   text28        0039
_DisplayHandler                   text41        1531
_Display_init                     cinit         08A9
_DspIndex                         bssBANK1      00E0
_EPIE0                            (abs)         0094
_EPIF0                            (abs)         0014
_EPS0                             (abs)         0118
_EPS1                             (abs)         0119
_FWHEELSILERB                     stringtext4   18B8
_HeatKeyExec                      cinit         0DD1
_HeatType                         bssBANK1      00E4
_HighFreqCo                       text28        0418
_INACTIVE_SENSOR_DELTA            stringtext1   1800
_INTCON                           (abs)         000B
_ISR                              intentry      0004
_ITYPE0                           (abs)         011E
_ITYPE1                           (abs)         011F
_KeepRfData                       cinit         0EF6
_KeyCnt                           bssBANK1      00BF
_KeyScanHandler                   cinit         0B59
_KeyType                          bssBANK0hh    0045
_LATA0                            (abs)         0860
_LATA1                            (abs)         0861
_LATA4                            (abs)         0864
_LATB0                            (abs)         0868
_LATB1                            (abs)         0869
_LATB3                            (abs)         086B
_LATC0                            (abs)         0870
_LATC1                            (abs)         0871
_LATD1                            (abs)         0879
_LATD2                            (abs)         087A
_LATD3                            (abs)         087B
_LastManual                       bssBANK1      00E2
_LastMode                         bssBANK1      00E3
_M0ANALOG                         (abs)         0392
_M1ANALOG                         (abs)         0393
_M2ANALOG                         (abs)         0394
_M3ANALOG                         (abs)         0395
_ManualKeyExec                    cinit         0DE2
_ManualType                       bssCOMMON     0078
_ModeKeyExec                      cinit         0E06
_ModeType                         bssCOMMON     007A
_MxSet013                         text27        0698
_NumD                             bssBANK0hh    0044
_OSCCON                           (abs)         0099
_PB4                              (abs)         006C
_PB5                              (abs)         006D
_PCKEN                            (abs)         009A
_PORTA                            (abs)         000C
_PORTB                            (abs)         000D
_PORTC                            (abs)         000E
_PORTD                            (abs)         000F
_PSINK0                           (abs)         019A
_PSINK1                           (abs)         019B
_PSINK2                           (abs)         019C
_PSINK3                           (abs)         019D
_PSRC0                            (abs)         011A
_PSRC1                            (abs)         011B
_PowerKeyExec                     cinit         0E22
_PwrType                          bssCOMMON     007B
_Px_Level_Change_INITIAL          cinit         0BA5
_RFs                              bssBANK1      00A6
_ReadRf433                        text40        05AC
_ReadTouchData                    cinit         08F4
_RemOutTime                       bssBANK1      00D9
_RxData                           bssBANK1      00DA
_RxData_Drive                     cinit         0E80
_STATUS                           (abs)         0003
_SWHEELSILERB                     stringtext3   18B4
_ShowLedData                      text41        15BC
_SpecialDisplay1                  text41        1781
_SpecialDisplay2                  text41        17B5
_StartHigeFreq                    cinit         09D9
_StrongKeyExec                    cinit         0E51
_StrongType                       bssCOMMON     0079
_SysFunFlg0                       bssBANK0hh    0049
_SysFunFlg1                       bssBANK0hh    0048
_SysFunFlg2                       bssBANK0hh    0046
_SysPowerHandler                  cinit         0BBC
_Sys_init                         cinit         0BCF
_T2UIE                            (abs)         1868
_T2UIF                            (abs)         1870
_T4UIE                            (abs)         0890
_T4UIF                            (abs)         0898
_TCF                              (abs)         24E0
_TCKSRC                           (abs)         031F
_TIM2ARRH                         (abs)         0319
_TIM2ARRL                         (abs)         031A
_TIM2CR1                          (abs)         030C
_TIM2IER                          (abs)         030D
_TIM4ARR                          (abs)         0117
_TIM4CNTR                         (abs)         0115
_TIM4CR1                          (abs)         0111
_TIM4EGR                          (abs)         0114
_TIM4IER                          (abs)         0112
_TIM4PSCR                         (abs)         0116
_TIM4SR                           (abs)         0113
_TIME_INIT                        cinit         0E5D
_TKC0                             (abs)         038D
_TKC1                             (abs)         038E
_TKM016DH                         (abs)         0F95
_TKM016DL                         (abs)         0F94
_TKM0C0                           (abs)         0396
_TKM0C1                           (abs)         0397
_TKM116DH                         (abs)         0F9D
_TKM116DL                         (abs)         0F9C
_TKM1C0                           (abs)         0398
_TKM1C1                           (abs)         0399
_TKM216DH                         (abs)         0FA5
_TKM216DL                         (abs)         0FA4
_TKM2C0                           (abs)         039A
_TKM2C1                           (abs)         039B
_TKM316DH                         (abs)         0FAD
_TKM316DL                         (abs)         0FAC
_TKM3C0                           (abs)         039C
_TKM3C1                           (abs)         039D
_TKRCOV                           (abs)         1C6E
_TKST                             (abs)         1C6D
_TKTMR                            (abs)         038C
_TRISA                            (abs)         008C
_TRISA4                           (abs)         0464
_TRISA5                           (abs)         0465
_TRISA6                           (abs)         0466
_TRISA7                           (abs)         0467
_TRISB                            (abs)         008D
_TRISB2                           (abs)         046A
_TRISB3                           (abs)         046B
_TRISB4                           (abs)         046C
_TRISB7                           (abs)         046F
_TRISC                            (abs)         008E
_TRISC0                           (abs)         0470
_TRISC1                           (abs)         0471
_TRISC3                           (abs)         0473
_TRISC4                           (abs)         0474
_TRISC5                           (abs)         0475
_TRISC6                           (abs)         0476
_TRISC7                           (abs)         0477
_TRISD                            (abs)         008F
_TRISD5                           (abs)         047D
_TXEF                             (abs)         2495
_Time100Ms                        bssBANK1      00DC
_Time10Ms                         bssBANK1      00DD
_Time2Initial                     cinit         0BF9
_Time2Ms                          bssBANK1      00DE
_Time4Initial                     cinit         0F22
_TimeMin                          bssCOMMON     0077
_TimeSec                          bssBANK1      00DB
_TimeType                         bssBANK1      00E1
_TimeUs                           bssBANK1      00DF
_TmpCnt                           bssBANK1      00C1
_TouchInit                        cinit         0AFF
_TouchInital                      cinit         0F33
_TouchKeyScan                     cinit         08AE
_TouchTimeCount                   bssBANK1      00C3
_TouchcapBuff1                    bssBANK2      0120
_TouchcapBuff2                    bssBANK3      01A0
_UART_INITIAL                     cinit         0C07
_URDATAL                          (abs)         048C
_URDLH                            (abs)         0495
_URDLL                            (abs)         0494
_URIER                            (abs)         048E
_URLCR                            (abs)         048F
_URMCR                            (abs)         0491
_URTE                             (abs)         2471
_UartSetEmptyInt                  cinit         0E71
_User_init                        cinit         0BB2
_WPDA                             (abs)         020C
_WPDB                             (abs)         020D
_WPDC                             (abs)         020E
_WPDD                             (abs)         020F
_WPROOF1                          (abs)         038F
_WPROOF2                          (abs)         0390
_WPROOF3                          (abs)         0391
_WPUA                             (abs)         018C
_WPUB                             (abs)         018D
_WPUC                             (abs)         018E
_WPUD                             (abs)         018F
__H_ad3nop_text                   _ad3nop_text  0004
__Habs1                           abs1          0000
__Hbank0                          bank0         0000
__Hbank1                          bank1         0000
__Hbank10                         bank10        0000
__Hbank11                         bank11        0000
__Hbank12                         bank12        0000
__Hbank13                         bank13        0000
__Hbank14                         bank14        0000
__Hbank15                         bank15        0000
__Hbank16                         bank16        0000
__Hbank17                         bank17        0000
__Hbank18                         bank18        0000
__Hbank19                         bank19        0000
__Hbank2                          bank2         0000
__Hbank20                         bank20        0000
__Hbank21                         bank21        0000
__Hbank22                         bank22        0000
__Hbank23                         bank23        0000
__Hbank24                         bank24        0000
__Hbank25                         bank25        0000
__Hbank26                         bank26        0000
__Hbank27                         bank27        0000
__Hbank28                         bank28        0000
__Hbank29                         bank29        0000
__Hbank3                          bank3         0000
__Hbank30                         bank30        0000
__Hbank31                         bank31        0000
__Hbank4                          bank4         0000
__Hbank5                          bank5         0000
__Hbank6                          bank6         0000
__Hbank7                          bank7         0000
__Hbank8                          bank8         0000
__Hbank9                          bank9         0000
__Hbigram                         bigram        0000
__HbitbssCOMMON                   bitbssCOMMON  0000
__HbssBANK0hh                     bssBANK0hh    0000
__HbssBANK1                       bssBANK1      0000
__HbssBANK2                       bssBANK2      0000
__HbssBANK3                       bssBANK3      0000
__HbssCOMMON                      bssCOMMON     0000
__Hcinit                          cinit         1000
__Hclrtext                        clrtext       0000
__Hcode                           code          0000
__Hcommon                         common        0000
__Hconfig                         config        0000
__HcstackBANK0hh                  cstackBANK0hh 0000
__HcstackCOMMON                   cstackCOMMON  0000
__HdataBANK1                      dataBANK1     0000
__Heeprom_data                    eeprom_data   0000
__Hend_init                       end_init      0039
__Hfunctab                        functab       0000
__HidataBANK1                     idataBANK1    0000
__Hidloc                          idloc         0000
__Hinit                           init          0037
__Hintentry                       intentry      0037
__Hmaintext                       maintext      0000
__Hpa_nodes0                      pa_nodes0     0000
__Hpowerup                        powerup       0000
__Hram                            ram           0000
__Hreset_vec                      reset_vec     0002
__Hsfr0                           sfr0          0000
__Hsfr1                           sfr1          0000
__Hsfr10                          sfr10         0000
__Hsfr11                          sfr11         0000
__Hsfr12                          sfr12         0000
__Hsfr13                          sfr13         0000
__Hsfr14                          sfr14         0000
__Hsfr15                          sfr15         0000
__Hsfr16                          sfr16         0000
__Hsfr17                          sfr17         0000
__Hsfr18                          sfr18         0000
__Hsfr19                          sfr19         0000
__Hsfr2                           sfr2          0000
__Hsfr20                          sfr20         0000
__Hsfr21                          sfr21         0000
__Hsfr22                          sfr22         0000
__Hsfr23                          sfr23         0000
__Hsfr24                          sfr24         0000
__Hsfr25                          sfr25         0000
__Hsfr26                          sfr26         0000
__Hsfr27                          sfr27         0000
__Hsfr28                          sfr28         0000
__Hsfr29                          sfr29         0000
__Hsfr3                           sfr3          0000
__Hsfr30                          sfr30         0000
__Hsfr31                          sfr31         0000
__Hsfr4                           sfr4          0000
__Hsfr5                           sfr5          0000
__Hsfr6                           sfr6          0000
__Hsfr7                           sfr7          0000
__Hsfr8                           sfr8          0000
__Hsfr9                           sfr9          0000
__Hspace_0                        (abs)         18C1
__Hspace_1                        (abs)         03B5
__Hspace_2                        (abs)         0000
__Hspace_3                        (abs)         0000
__Hstack                          stack         0000
__Hstrings                        strings       0000
__Hstringtext1                    stringtext1   0000
__Hstringtext2                    stringtext2   0000
__Hstringtext3                    stringtext3   0000
__Hstringtext4                    stringtext4   0000
__Hstringtext5                    stringtext5   0000
__Hstringtext6                    stringtext6   0000
__Hstringtext7                    stringtext7   0000
__Hstringtext8                    stringtext8   0000
__Htext                           text          0000
__L_ad3nop_text                   _ad3nop_text  0003
__Labs1                           abs1          0000
__Lbank0                          bank0         0000
__Lbank1                          bank1         0000
__Lbank10                         bank10        0000
__Lbank11                         bank11        0000
__Lbank12                         bank12        0000
__Lbank13                         bank13        0000
__Lbank14                         bank14        0000
__Lbank15                         bank15        0000
__Lbank16                         bank16        0000
__Lbank17                         bank17        0000
__Lbank18                         bank18        0000
__Lbank19                         bank19        0000
__Lbank2                          bank2         0000
__Lbank20                         bank20        0000
__Lbank21                         bank21        0000
__Lbank22                         bank22        0000
__Lbank23                         bank23        0000
__Lbank24                         bank24        0000
__Lbank25                         bank25        0000
__Lbank26                         bank26        0000
__Lbank27                         bank27        0000
__Lbank28                         bank28        0000
__Lbank29                         bank29        0000
__Lbank3                          bank3         0000
__Lbank30                         bank30        0000
__Lbank31                         bank31        0000
__Lbank4                          bank4         0000
__Lbank5                          bank5         0000
__Lbank6                          bank6         0000
__Lbank7                          bank7         0000
__Lbank8                          bank8         0000
__Lbank9                          bank9         0000
__Lbigram                         bigram        0000
__LbitbssCOMMON                   bitbssCOMMON  0000
__LbssBANK0hh                     bssBANK0hh    0000
__LbssBANK1                       bssBANK1      0000
__LbssBANK2                       bssBANK2      0000
__LbssBANK3                       bssBANK3      0000
__LbssCOMMON                      bssCOMMON     0000
__Lcinit                          cinit         0807
__Lclrtext                        clrtext       0000
__Lcode                           code          0000
__Lcommon                         common        0000
__Lconfig                         config        0000
__LcstackBANK0hh                  cstackBANK0hh 0000
__LcstackCOMMON                   cstackCOMMON  0000
__LdataBANK1                      dataBANK1     0000
__Leeprom_data                    eeprom_data   0000
__Lend_init                       end_init      0037
__Lfunctab                        functab       0000
__LidataBANK1                     idataBANK1    0000
__Lidloc                          idloc         0000
__Linit                           init          0037
__Lintentry                       intentry      0004
__Lmaintext                       maintext      0000
__Lpa_nodes0                      pa_nodes0     0000
__Lpowerup                        powerup       0000
__Lram                            ram           0000
__Lreset_vec                      reset_vec     0000
__Lsfr0                           sfr0          0000
__Lsfr1                           sfr1          0000
__Lsfr10                          sfr10         0000
__Lsfr11                          sfr11         0000
__Lsfr12                          sfr12         0000
__Lsfr13                          sfr13         0000
__Lsfr14                          sfr14         0000
__Lsfr15                          sfr15         0000
__Lsfr16                          sfr16         0000
__Lsfr17                          sfr17         0000
__Lsfr18                          sfr18         0000
__Lsfr19                          sfr19         0000
__Lsfr2                           sfr2          0000
__Lsfr20                          sfr20         0000
__Lsfr21                          sfr21         0000
__Lsfr22                          sfr22         0000
__Lsfr23                          sfr23         0000
__Lsfr24                          sfr24         0000
__Lsfr25                          sfr25         0000
__Lsfr26                          sfr26         0000
__Lsfr27                          sfr27         0000
__Lsfr28                          sfr28         0000
__Lsfr29                          sfr29         0000
__Lsfr3                           sfr3          0000
__Lsfr30                          sfr30         0000
__Lsfr31                          sfr31         0000
__Lsfr4                           sfr4          0000
__Lsfr5                           sfr5          0000
__Lsfr6                           sfr6          0000
__Lsfr7                           sfr7          0000
__Lsfr8                           sfr8          0000
__Lsfr9                           sfr9          0000
__Lspace_0                        (abs)         0000
__Lspace_1                        (abs)         0000
__Lspace_2                        (abs)         0000
__Lspace_3                        (abs)         0000
__Lstack                          stack         0000
__Lstrings                        strings       0000
__Lstringtext1                    stringtext1   0000
__Lstringtext2                    stringtext2   0000
__Lstringtext3                    stringtext3   0000
__Lstringtext4                    stringtext4   0000
__Lstringtext5                    stringtext5   0000
__Lstringtext6                    stringtext6   0000
__Lstringtext7                    stringtext7   0000
__Lstringtext8                    stringtext8   0000
__Ltext                           text          0000
__S0                              (abs)         18C1
__S1                              (abs)         01BE
__S2                              (abs)         0000
__S3                              (abs)         0000
___awdiv                          cinit         0F94
___awdiv@counter                  cstackBANK0hh 0050
___awdiv@dividend                 cstackBANK0hh 004E
___awdiv@divisor                  cstackBANK0hh 004C
___awdiv@quotient                 cstackBANK0hh 0052
___awdiv@sign                     cstackBANK0hh 0051
___int_sp                         stack         0000
___latbits                        (abs)         0002
___lbdiv                          text41        179D
___lbdiv@counter                  cstackCOMMON  0072
___lbdiv@dividend                 cstackCOMMON  0071
___lbdiv@divisor                  cstackCOMMON  0070
___lbdiv@quotient                 cstackCOMMON  0073
___lbmod                          text41        17D5
___lbmod@counter                  cstackCOMMON  0073
___lbmod@dividend                 cstackCOMMON  0072
___lbmod@divisor                  cstackCOMMON  0070
___lbmod@rem                      cstackCOMMON  0074
___sp                             stack         0000
___wmul                           text28        0403
___wmul@multiplicand              cstackBANK0hh 004E
___wmul@multiplier                cstackBANK0hh 004C
___wmul@product                   cstackBANK0hh 0050
__end_ofPL10                      cinit         0C3F
__end_ofPL100                     text28        05AC
__end_ofPL102                     cinit         0D97
__end_ofPL104                     text40        0626
__end_ofPL106                     text40        062A
__end_ofPL108                     cinit         0F22
__end_ofPL12                      cinit         0C5C
__end_ofPL14                      cinit         0C78
__end_ofPL16                      cinit         0CA4
__end_ofPL18                      cinit         0CCE
__end_ofPL2                       cinit         0C22
__end_ofPL20                      text28        04CC
__end_ofPL22                      cinit         0CF6
__end_ofPL24                      text28        04D2
__end_ofPL26                      text28        04DF
__end_ofPL28                      text28        0505
__end_ofPL30                      text28        050E
__end_ofPL32                      text28        0514
__end_ofPL34                      text28        0532
__end_ofPL36                      cinit         0CFE
__end_ofPL38                      cinit         0D16
__end_ofPL4                       text28        0493
__end_ofPL40                      cinit         0D1E
__end_ofPL42                      cinit         0D2D
__end_ofPL44                      text28        0539
__end_ofPL46                      cinit         0D3E
__end_ofPL48                      cinit         0D4F
__end_ofPL50                      cinit         0D62
__end_ofPL52                      text28        0540
__end_ofPL54                      cinit         0D71
__end_ofPL56                      text28        0550
__end_ofPL58                      text28        055E
__end_ofPL6                       text28        04A9
__end_ofPL60                      text41        17FA
__end_ofPL62                      cinit         0D77
__end_ofPL64                      cinit         0D7C
__end_ofPL66                      text28        0563
__end_ofPL68                      text28        056D
__end_ofPL70                      text28        0576
__end_ofPL72                      text28        057C
__end_ofPL74                      text28        0582
__end_ofPL76                      text28        0588
__end_ofPL78                      text28        058E
__end_ofPL8                       text28        04AF
__end_ofPL80                      text28        0595
__end_ofPL82                      text41        1800
__end_ofPL84                      cinit         0D82
__end_ofPL86                      cinit         0E80
__end_ofPL88                      cinit         0D88
__end_ofPL90                      cinit         0D8D
__end_ofPL92                      cinit         0D92
__end_ofPL94                      text28        059B
__end_ofPL96                      text28        05A1
__end_ofPL98                      text28        05A7
__end_of_ACTIVE_SENSOR_DELTA      stringtext2   18B4
__end_of_CheckRfCmd               cinit         1000
__end_of_ChkTimeEventStatus       cinit         08A9
__end_of_DIV                      cinit         0B59
__end_of_DataProcessing           text28        0403
__end_of_DisplayHandler           text41        15BC
__end_of_Display_init             cinit         08AE
__end_of_FWHEELSILERB             stringtext4   18BC
__end_of_HeatKeyExec              cinit         0DE2
__end_of_HighFreqCo               text28        0479
__end_of_INACTIVE_SENSOR_DELTA    stringtext1   185A
__end_of_IO_TOUCH_ATTR1           stringtext5   18BE
__end_of_ISR                      intentry      0037
__end_of_KeepRfData               cinit         0EFF
__end_of_KeyScanHandler           cinit         0BA5
__end_of_LONGKEYPROTECT1          stringtext8   18C1
__end_of_ManualKeyExec            cinit         0E06
__end_of_ModeKeyExec              cinit         0E22
__end_of_MxSet013                 text27        06AA
__end_of_PRIMARYKEY11             stringtext7   18C0
__end_of_PowerKeyExec             cinit         0E51
__end_of_Px_Level_Change_INITIAL  cinit         0BB2
__end_of_ReadRf433                text40        0622
__end_of_ReadTouchData            cinit         09D9
__end_of_RxData_Drive             cinit         0EF6
__end_of_SCANNINGTIME1            stringtext6   18BF
__end_of_SWHEELSILERB             stringtext3   18B8
__end_of_ShowLedData              text41        1781
__end_of_SpecialDisplay1          text41        179D
__end_of_SpecialDisplay2          text41        17D5
__end_of_StartHigeFreq            cinit         0AFF
__end_of_StrongKeyExec            cinit         0E5D
__end_of_SysPowerHandler          cinit         0BCF
__end_of_Sys_init                 cinit         0BF9
__end_of_TIME_INIT                cinit         0E61
__end_of_Time2Initial             cinit         0C07
__end_of_Time4Initial             cinit         0F33
__end_of_TouchInit                cinit         0B18
__end_of_TouchInital              cinit         0F94
__end_of_TouchKeyScan             cinit         08F4
__end_of_UART_INITIAL             cinit         0C14
__end_of_UartSetEmptyInt          cinit         0E7A
__end_of_User_init                cinit         0BBC
__end_of___awdiv                  cinit         0FD4
__end_of___lbdiv                  text41        17B5
__end_of___lbmod                  text41        17ED
__end_of___wmul                   text28        0418
__end_of__initialization          cinit         0853
__end_of_ad3nop                   _ad3nop_text  0004
__end_of_dokey                    cinit         0DD1
__end_of_exact_event_process      text39        0657
__end_of_main                     cinit         089A
__end_of_readrf                   cinit         0FE9
__end_of_refresh_data             cinit         0E71
__end_of_refresh_display          cinit         0F1E
__end_of_send_uart_data           text37        066F
__end_ofi1_UartSetEmptyInt        text37        0678
__initialization                  cinit         0807
__p_ad3nop_text                   _ad3nop_text  0003
__pbitbssCOMMON                   bitbssCOMMON  03B0
__pbssBANK0hh                     bssBANK0hh    002B
__pbssBANK1                       bssBANK1      00A0
__pbssBANK2                       bssBANK2      0120
__pbssBANK3                       bssBANK3      01A0
__pbssBIGRAM                      (abs)         2300
__pbssCOMMON                      bssCOMMON     0077
__pcstackBANK0hh                  cstackBANK0hh 004C
__pcstackCOMMON                   cstackCOMMON  0070
__pdataBANK1                      dataBANK1     00E5
__pidataBANK1                     idataBANK1    0000
__pintentry                       intentry      0004
__pmaintext                       cinit         0856
__pstringtext1                    stringtext1   1800
__pstringtext2                    stringtext2   185A
__pstringtext3                    stringtext3   18B4
__pstringtext4                    stringtext4   18B8
__pstringtext5                    stringtext5   18BC
__pstringtext6                    stringtext6   18BE
__pstringtext7                    stringtext7   18BF
__pstringtext8                    stringtext8   18C0
__pswtext1                        swtext1       06B6
__pswtext2                        swtext2       06C2
__pswtext3                        swtext3       06CE
__pswtext4                        swtext4       0678
__ptext1                          cinit         0FD4
__ptext10                         cinit         0DD1
__ptext11                         cinit         0F94
__ptext12                         cinit         0C07
__ptext13                         cinit         0F33
__ptext14                         cinit         0F22
__ptext15                         cinit         0BF9
__ptext16                         cinit         0BCF
__ptext17                         cinit         0BBC
__ptext18                         cinit         0BB2
__ptext19                         cinit         0E5D
__ptext2                          cinit         0FE9
__ptext20                         cinit         0E80
__ptext21                         cinit         0EFF
__ptext22                         cinit         0EF6
__ptext23                         cinit         0BA5
__ptext24                         cinit         0B59
__ptext25                         cinit         08AE
__ptext26                         cinit         08F4
__ptext27                         text27        0698
__ptext28                         text28        0039
__ptext29                         text28        0403
__ptext3                          cinit         0D97
__ptext30                         cinit         09D9
__ptext31                         cinit         0AFF
__ptext32                         cinit         0B18
__ptext33                         text28        0418
__ptext34                         cinit         08A9
__ptext35                         cinit         089A
__ptext37                         text37        0657
__ptext38                         text37        066F
__ptext39                         text39        062A
__ptext4                          cinit         0E61
__ptext40                         text40        05AC
__ptext41                         text41        1531
__ptext42                         text41        17B5
__ptext43                         text41        17D5
__ptext44                         text41        1781
__ptext45                         text41        179D
__ptext46                         text41        15BC
__ptext5                          cinit         0E71
__ptext6                          cinit         0E51
__ptext7                          cinit         0E22
__ptext8                          cinit         0E06
__ptext9                          cinit         0DE2
__size_of_CheckRfCmd              (abs)         0000
__size_of_ChkTimeEventStatus      (abs)         0000
__size_of_DIV                     (abs)         0000
__size_of_DataProcessing          (abs)         0000
__size_of_DisplayHandler          (abs)         0000
__size_of_Display_init            (abs)         0000
__size_of_HeatKeyExec             (abs)         0000
__size_of_HighFreqCo              (abs)         0000
__size_of_ISR                     (abs)         0000
__size_of_KeepRfData              (abs)         0000
__size_of_KeyScanHandler          (abs)         0000
__size_of_ManualKeyExec           (abs)         0000
__size_of_ModeKeyExec             (abs)         0000
__size_of_MxSet013                (abs)         0000
__size_of_PowerKeyExec            (abs)         0000
__size_of_Px_Level_Change_INITIAL (abs)         0000
__size_of_ReadRf433               (abs)         0000
__size_of_ReadTouchData           (abs)         0000
__size_of_RxData_Drive            (abs)         0000
__size_of_ShowLedData             (abs)         0000
__size_of_SpecialDisplay1         (abs)         0000
__size_of_SpecialDisplay2         (abs)         0000
__size_of_StartHigeFreq           (abs)         0000
__size_of_StrongKeyExec           (abs)         0000
__size_of_SysPowerHandler         (abs)         0000
__size_of_Sys_init                (abs)         0000
__size_of_TIME_INIT               (abs)         0000
__size_of_Time2Initial            (abs)         0000
__size_of_Time4Initial            (abs)         0000
__size_of_TouchInit               (abs)         0000
__size_of_TouchInital             (abs)         0000
__size_of_TouchKeyScan            (abs)         0000
__size_of_UART_INITIAL            (abs)         0000
__size_of_UartSetEmptyInt         (abs)         0000
__size_of_User_init               (abs)         0000
__size_of___awdiv                 (abs)         0000
__size_of___lbdiv                 (abs)         0000
__size_of___lbmod                 (abs)         0000
__size_of___wmul                  (abs)         0000
__size_of_dokey                   (abs)         0000
__size_of_exact_event_process     (abs)         0000
__size_of_main                    (abs)         0000
__size_of_readrf                  (abs)         0000
__size_of_refresh_data            (abs)         0000
__size_of_refresh_display         (abs)         0000
__size_of_send_uart_data          (abs)         0000
__size_ofi1_UartSetEmptyInt       (abs)         0000
_ad3nop                           _ad3nop_text  0003
_ad3nop_absaddr                   (abs)         0003
_buf_rec                          bssBANK1      00AC
_dokey                            cinit         0D97
_dsp_100ms                        bssBANK1      00D2
_exact_event_process              text39        062A
_fmd_AntiWaterBit                 bssBANK0hh    004A
_fmd_DownDataTime                 dataBANK1     00E5
_fmd_DownTouchCount               dataBANK1     00E9
_fmd_HfreqOn                      bssBANK0hh    003C
_fmd_KeyBuffPress                 bssBANK0hh    0042
_fmd_KeyBuffUnPress               bssBANK0hh    0041
_fmd_KeyDValue_Key                bssBANK1      00B5
_fmd_KeyDValue_Key_base           bssBANK1      00B1
_fmd_KeyDValue_Key_baseBuff       bssBANK2      015C
_fmd_Keystatus                    bssBANK0hh    0037
_fmd_Keystatus1                   bssBANK0hh    0035
_fmd_Keystatus2                   bssBANK0hh    0033
_fmd_Null0                        (abs)         0020
_fmd_Null1                        (abs)         0023
_fmd_Null2                        (abs)         0024
_fmd_Null3                        (abs)         002A
_fmd_OriginalData                 (abs)         0021
_fmd_PressOff                     bssBANK1      00C9
_fmd_PressOffCount                bssBANK1      00C8
_fmd_ReferenceData                (abs)         0025
_fmd_ResultData                   (abs)         0027
_fmd_ResultDataH                  (abs)         0029
_fmd_Startgx                      bssBANK1      00C7
_fmd_TestCount                    bssBANK1      00CA
_fmd_TouchDataBuff_Key            bssBANK0hh    002B
_fmd_UpDataTime                   dataBANK1     00E7
_fmd_UpTouchCount                 dataBANK1     00EB
_fmd_a                            bssBANK0hh    004B
_fmd_a1                           bssBANK0hh    0040
_fmd_a2                           bssBANK0hh    003F
_fmd_a3                           bssBANK1      00CC
_fmd_antishaketimecount           bssBANK0hh    0043
_fmd_antishaketimecount1          bssBANK1      00CD
_fmd_channels                     bssBANK0hh    0047
_fmd_currentCount                 bssBANK1      00CB
_fmd_f_firstdown                  bitbssCOMMON  03B3
_fmd_f_firstloop                  bitbssCOMMON  03B2
_fmd_f_forbidden                  bitbssCOMMON  03B0
_fmd_f_keydown_flag               bitbssCOMMON  03B4
_fmd_f_main_key                   bitbssCOMMON  03B1
_fmd_nodownavrdata_Key            (abs)         2378
_fmd_nodownsum_Key                (abs)         2300
_fmd_theUsedChannel               bssBANK2      013E
_fmd_thedeathcount                bssBANK1      00BD
_fmd_thedeathcount1               bssBANK1      00BB
_fmd_thedeathcount2               bssBANK1      00B9
_fmd_u                            bssBANK0hh    003E
_fmd_updataChannel                bssBANK2      014D
_fmd_updataFlag                   bssBANK0hh    003D
_fmd_x                            bssBANK0hh    003B
_keybit1                          bssBANK1      00D7
_keybit2                          bssBANK1      00D6
_keybit3                          bssBANK1      00D5
_keybit4                          bssBANK1      00D4
_keybit5                          bssBANK1      00D3
_main                             cinit         0856
_readKeyNum                       bssBANK0hh    0039
_readrf                           cinit         0FD4
_refresh_data                     cinit         0E61
_refresh_display                  cinit         0EFF
_send_buf                         bssBANK1      00A0
_send_uart_data                   text37        0657
_tRFtemp                          bssBANK1      00D8
btemp                             (abs)         007E
clear_ram0                        clrtext       06AA
end_of_initialization             cinit         0853
i1UartSetEmptyInt@value           cstackCOMMON  0070
i1_UartSetEmptyInt                text37        066F
int$flags                         (abs)         007E
intlevel0                         functab       0000
intlevel1                         functab       0000
intlevel2                         functab       0000
intlevel3                         functab       0000
intlevel4                         functab       0000
intlevel5                         functab       0000
refresh_display@keybuf            cstackBANK0hh 004C
reset_vec                         reset_vec     0000
send_uart_data@ByteNum            bssBANK1      00CE
stackhi                           (abs)         22FF
stacklo                           (abs)         210E
start                             init          0037
start_initialization              cinit         0807
wtemp0                            (abs)         007E


FUNCTION INFORMATION:

 *************** function _main *****************
 Defined at:
		line 152 in file "main.c"
 Parameters:    Size  Location     Type
		None
 Auto vars:     Size  Location     Type
		None
 Return value:  Size  Location     Type
                  1    wreg      void 
 Registers used:
		wreg, fsr0l, fsr0h, fsr1l, fsr1h, status,2, status,0, pclath, cstack
 Tracked objects:
		On entry : 
		On exit  : 
		Unchanged: 
 Data sizes:     COMMON BANK0hh   BANK1   BANK2   BANK3   BANK4   BANK5   BANK6   BANK7   BANK8   BANK9  BANK10  BANK11  BANK12
      Params:         0       0       0       0       0       0       0       0       0       0       0       0       0       0
      Locals:         0       0       0       0       0       0       0       0       0       0       0       0       0       0
      Temps:          0       0       0       0       0       0       0       0       0       0       0       0       0       0
      Totals:         0       0       0       0       0       0       0       0       0       0       0       0       0       0
Total ram usage:        0 bytes
 Hardware stack levels required when called:   10
 This function calls:
		_ChkTimeEventStatus
		_Display_init
		_KeyScanHandler
		_Px_Level_Change_INITIAL
		_RxData_Drive
		_SysPowerHandler
		_Sys_init
		_Time2Initial
		_Time4Initial
		_TouchInital
		_TouchKeyScan
		_UART_INITIAL
		_User_init
		___awdiv
		_dokey
		_readrf
 This function is called by:
		Startup code after reset
 This function uses a non-reentrant model


 *************** function _readrf *****************
 Defined at:
		line 171 in file "rx.c"
 Parameters:    Size  Location     Type
		None
 Auto vars:     Size  Location     Type
		None
 Return value:  Size  Location     Type
                  1    wreg      void 
 Registers used:
		wreg, fsr0l, fsr0h, status,2, status,0, pclath, cstack
 Tracked objects:
		On entry : 
		On exit  : 
		Unchanged: 
 Data sizes:     COMMON BANK0hh   BANK1   BANK2   BANK3   BANK4   BANK5   BANK6   BANK7   BANK8   BANK9  BANK10  BANK11  BANK12
      Params:         0       0       0       0       0       0       0       0       0       0       0       0       0       0
      Locals:         0       0       0       0       0       0       0       0       0       0       0       0       0       0
      Temps:          0       0       0       0       0       0       0       0       0       0       0       0       0       0
      Totals:         0       0       0       0       0       0       0       0       0       0       0       0       0       0
Total ram usage:        0 bytes
 Hardware stack levels used:    1
 Hardware stack levels required when called:    5
 This function calls:
		_CheckRfCmd
 This function is called by:
		_main
 This function uses a non-reentrant model


 *************** function _CheckRfCmd *****************
 Defined at:
		line 27 in file "rx.c"
 Parameters:    Size  Location     Type
  rfcmd           1    wreg     unsigned char 
 Auto vars:     Size  Location     Type
  rfcmd           1    0[BANK0h] unsigned char 
 Return value:  Size  Location     Type
                  1    wreg      unsigned char 
 Registers used:
		wreg, fsr0l, fsr0h, status,2, status,0
 Tracked objects:
		On entry : 
		On exit  : 
		Unchanged: 
 Data sizes:     COMMON BANK0hh   BANK1   BANK2   BANK3   BANK4   BANK5   BANK6   BANK7   BANK8   BANK9  BANK10  BANK11  BANK12
      Params:         0       0       0       0       0       0       0       0       0       0       0       0       0       0
      Locals:         0       1       0       0       0       0       0       0       0       0       0       0       0       0
      Temps:          0       0       0       0       0       0       0       0       0       0       0       0       0       0
      Totals:         0       1       0       0       0       0       0       0       0       0       0       0       0       0
Total ram usage:        1 bytes
 Hardware stack levels used:    1
 Hardware stack levels required when called:    4
 This function calls:
		Nothing
 This function is called by:
		_readrf
 This function uses a non-reentrant model


 *************** function _dokey *****************
 Defined at:
		line 120 in file "sub.c"
 Parameters:    Size  Location     Type
		None
 Auto vars:     Size  Location     Type
		None
 Return value:  Size  Location     Type
                  1    wreg      void 
 Registers used:
		wreg, fsr0l, fsr0h, status,2, status,0, pclath, cstack
 Tracked objects:
		On entry : 
		On exit  : 
		Unchanged: 
 Data sizes:     COMMON BANK0hh   BANK1   BANK2   BANK3   BANK4   BANK5   BANK6   BANK7   BANK8   BANK9  BANK10  BANK11  BANK12
      Params:         0       0       0       0       0       0       0       0       0       0       0       0       0       0
      Locals:         0       0       0       0       0       0       0       0       0       0       0       0       0       0
      Temps:          0       0       0       0       0       0       0       0       0       0       0       0       0       0
      Totals:         0       0       0       0       0       0       0       0       0       0       0       0       0       0
Total ram usage:        0 bytes
 Hardware stack levels used:    1
 Hardware stack levels required when called:    6
 This function calls:
		_HeatKeyExec
		_ManualKeyExec
		_ModeKeyExec
		_PowerKeyExec
		_StrongKeyExec
		_refresh_data
 This function is called by:
		_main
 This function uses a non-reentrant model


 *************** function _refresh_data *****************
 Defined at:
		line 37 in file "sub.c"
 Parameters:    Size  Location     Type
		None
 Auto vars:     Size  Location     Type
		None
 Return value:  Size  Location     Type
                  1    wreg      void 
 Registers used:
		wreg, status,2, status,0, pclath, cstack
 Tracked objects:
		On entry : 
		On exit  : 
		Unchanged: 
 Data sizes:     COMMON BANK0hh   BANK1   BANK2   BANK3   BANK4   BANK5   BANK6   BANK7   BANK8   BANK9  BANK10  BANK11  BANK12
      Params:         0       0       0       0       0       0       0       0       0       0       0       0       0       0
      Locals:         0       0       0       0       0       0       0       0       0       0       0       0       0       0
      Temps:          0       0       0       0       0       0       0       0       0       0       0       0       0       0
      Totals:         0       0       0       0       0       0       0       0       0       0       0       0       0       0
Total ram usage:        0 bytes
 Hardware stack levels used:    1
 Hardware stack levels required when called:    5
 This function calls:
		_UartSetEmptyInt
 This function is called by:
		_dokey
 This function uses a non-reentrant model


 *************** function _UartSetEmptyInt *****************
 Defined at:
		line 44 in file "uart.c"
 Parameters:    Size  Location     Type
  value           1    wreg     unsigned char 
 Auto vars:     Size  Location     Type
  value           1    0[BANK0h] unsigned char 
 Return value:  Size  Location     Type
                  1    wreg      void 
 Registers used:
		wreg
 Tracked objects:
		On entry : 
		On exit  : 
		Unchanged: 
 Data sizes:     COMMON BANK0hh   BANK1   BANK2   BANK3   BANK4   BANK5   BANK6   BANK7   BANK8   BANK9  BANK10  BANK11  BANK12
      Params:         0       0       0       0       0       0       0       0       0       0       0       0       0       0
      Locals:         0       1       0       0       0       0       0       0       0       0       0       0       0       0
      Temps:          0       0       0       0       0       0       0       0       0       0       0       0       0       0
      Totals:         0       1       0       0       0       0       0       0       0       0       0       0       0       0
Total ram usage:        1 bytes
 Hardware stack levels used:    1
 Hardware stack levels required when called:    4
 This function calls:
		Nothing
 This function is called by:
		_refresh_data
 This function uses a non-reentrant model


 *************** function _StrongKeyExec *****************
 Defined at:
		line 115 in file "main.c"
 Parameters:    Size  Location     Type
		None
 Auto vars:     Size  Location     Type
		None
 Return value:  Size  Location     Type
                  1    wreg      void 
 Registers used:
		wreg, status,2, status,0
 Tracked objects:
		On entry : 
		On exit  : 
		Unchanged: 
 Data sizes:     COMMON BANK0hh   BANK1   BANK2   BANK3   BANK4   BANK5   BANK6   BANK7   BANK8   BANK9  BANK10  BANK11  BANK12
      Params:         0       0       0       0       0       0       0       0       0       0       0       0       0       0
      Locals:         0       0       0       0       0       0       0       0       0       0       0       0       0       0
      Temps:          0       0       0       0       0       0       0       0       0       0       0       0       0       0
      Totals:         0       0       0       0       0       0       0       0       0       0       0       0       0       0
Total ram usage:        0 bytes
 Hardware stack levels used:    1
 Hardware stack levels required when called:    4
 This function calls:
		Nothing
 This function is called by:
		_dokey
 This function uses a non-reentrant model


 *************** function _PowerKeyExec *****************
 Defined at:
		line 12 in file "main.c"
 Parameters:    Size  Location     Type
		None
 Auto vars:     Size  Location     Type
		None
 Return value:  Size  Location     Type
                  1    wreg      void 
 Registers used:
		wreg, status,2, status,0, pclath, cstack
 Tracked objects:
		On entry : 
		On exit  : 
		Unchanged: 
 Data sizes:     COMMON BANK0hh   BANK1   BANK2   BANK3   BANK4   BANK5   BANK6   BANK7   BANK8   BANK9  BANK10  BANK11  BANK12
      Params:         0       0       0       0       0       0       0       0       0       0       0       0       0       0
      Locals:         0       0       0       0       0       0       0       0       0       0       0       0       0       0
      Temps:          0       0       0       0       0       0       0       0       0       0       0       0       0       0
      Totals:         0       0       0       0       0       0       0       0       0       0       0       0       0       0
Total ram usage:        0 bytes
 Hardware stack levels used:    1
 Hardware stack levels required when called:    5
 This function calls:
		_TIME_INIT
 This function is called by:
		_dokey
 This function uses a non-reentrant model


 *************** function _ModeKeyExec *****************
 Defined at:
		line 54 in file "main.c"
 Parameters:    Size  Location     Type
		None
 Auto vars:     Size  Location     Type
		None
 Return value:  Size  Location     Type
                  1    wreg      void 
 Registers used:
		wreg, status,2, status,0
 Tracked objects:
		On entry : 
		On exit  : 
		Unchanged: 
 Data sizes:     COMMON BANK0hh   BANK1   BANK2   BANK3   BANK4   BANK5   BANK6   BANK7   BANK8   BANK9  BANK10  BANK11  BANK12
      Params:         0       0       0       0       0       0       0       0       0       0       0       0       0       0
      Locals:         0       0       0       0       0       0       0       0       0       0       0       0       0       0
      Temps:          0       0       0       0       0       0       0       0       0       0       0       0       0       0
      Totals:         0       0       0       0       0       0       0       0       0       0       0       0       0       0
Total ram usage:        0 bytes
 Hardware stack levels used:    1
 Hardware stack levels required when called:    4
 This function calls:
		Nothing
 This function is called by:
		_dokey
 This function uses a non-reentrant model


 *************** function _ManualKeyExec *****************
 Defined at:
		line 77 in file "main.c"
 Parameters:    Size  Location     Type
		None
 Auto vars:     Size  Location     Type
		None
 Return value:  Size  Location     Type
                  1    wreg      void 
 Registers used:
		wreg, status,2, status,0
 Tracked objects:
		On entry : 
		On exit  : 
		Unchanged: 
 Data sizes:     COMMON BANK0hh   BANK1   BANK2   BANK3   BANK4   BANK5   BANK6   BANK7   BANK8   BANK9  BANK10  BANK11  BANK12
      Params:         0       0       0       0       0       0       0       0       0       0       0       0       0       0
      Locals:         0       0       0       0       0       0       0       0       0       0       0       0       0       0
      Temps:          0       0       0       0       0       0       0       0       0       0       0       0       0       0
      Totals:         0       0       0       0       0       0       0       0       0       0       0       0       0       0
Total ram usage:        0 bytes
 Hardware stack levels used:    1
 Hardware stack levels required when called:    4
 This function calls:
		Nothing
 This function is called by:
		_dokey
 This function uses a non-reentrant model


 *************** function _HeatKeyExec *****************
 Defined at:
		line 100 in file "main.c"
 Parameters:    Size  Location     Type
		None
 Auto vars:     Size  Location     Type
		None
 Return value:  Size  Location     Type
                  1    wreg      void 
 Registers used:
		wreg, status,2, status,0
 Tracked objects:
		On entry : 
		On exit  : 
		Unchanged: 
 Data sizes:     COMMON BANK0hh   BANK1   BANK2   BANK3   BANK4   BANK5   BANK6   BANK7   BANK8   BANK9  BANK10  BANK11  BANK12
      Params:         0       0       0       0       0       0       0       0       0       0       0       0       0       0
      Locals:         0       0       0       0       0       0       0       0       0       0       0       0       0       0
      Temps:          0       0       0       0       0       0       0       0       0       0       0       0       0       0
      Totals:         0       0       0       0       0       0       0       0       0       0       0       0       0       0
Total ram usage:        0 bytes
 Hardware stack levels used:    1
 Hardware stack levels required when called:    4
 This function calls:
		Nothing
 This function is called by:
		_dokey
 This function uses a non-reentrant model


 *************** function ___awdiv *****************
 Defined at:
		line 6 in file "D:\Documents\WeChat Files\wxid_25ac4ia98up622\FileStorage\File\2022-10\IDE3.0.9\data\sources\common\awdiv.c"
 Parameters:    Size  Location     Type
  divisor         2    0[BANK0h] int 
  dividend        2    2[BANK0h] int 
 Auto vars:     Size  Location     Type
  quotient        2    6[BANK0h] int 
  sign            1    5[BANK0h] unsigned char 
  counter         1    4[BANK0h] unsigned char 
 Return value:  Size  Location     Type
                  2    0[BANK0h] int 
 Registers used:
		wreg, status,2, status,0
 Tracked objects:
		On entry : 
		On exit  : 
		Unchanged: 
 Data sizes:     COMMON BANK0hh   BANK1   BANK2   BANK3   BANK4   BANK5   BANK6   BANK7   BANK8   BANK9  BANK10  BANK11  BANK12
      Params:         0       4       0       0       0       0       0       0       0       0       0       0       0       0
      Locals:         0       4       0       0       0       0       0       0       0       0       0       0       0       0
      Temps:          0       0       0       0       0       0       0       0       0       0       0       0       0       0
      Totals:         0       8       0       0       0       0       0       0       0       0       0       0       0       0
Total ram usage:        8 bytes
 Hardware stack levels used:    1
 Hardware stack levels required when called:    4
 This function calls:
		Nothing
 This function is called by:
		_main
 This function uses a non-reentrant model


 *************** function _UART_INITIAL *****************
 Defined at:
		line 592 in file "CHIPINIT.C"
 Parameters:    Size  Location     Type
		None
 Auto vars:     Size  Location     Type
		None
 Return value:  Size  Location     Type
                  1    wreg      void 
 Registers used:
		wreg, status,2
 Tracked objects:
		On entry : 
		On exit  : 
		Unchanged: 
 Data sizes:     COMMON BANK0hh   BANK1   BANK2   BANK3   BANK4   BANK5   BANK6   BANK7   BANK8   BANK9  BANK10  BANK11  BANK12
      Params:         0       0       0       0       0       0       0       0       0       0       0       0       0       0
      Locals:         0       0       0       0       0       0       0       0       0       0       0       0       0       0
      Temps:          0       0       0       0       0       0       0       0       0       0       0       0       0       0
      Totals:         0       0       0       0       0       0       0       0       0       0       0       0       0       0
Total ram usage:        0 bytes
 Hardware stack levels used:    1
 Hardware stack levels required when called:    4
 This function calls:
		Nothing
 This function is called by:
		_main
 This function uses a non-reentrant model


 *************** function _TouchInital *****************
 Defined at:
		line 229 in file "TOUCH.C"
 Parameters:    Size  Location     Type
		None
 Auto vars:     Size  Location     Type
		None
 Return value:  Size  Location     Type
                  1    wreg      void 
 Registers used:
		wreg, fsr0l, fsr0h, fsr1l, fsr1h, status,2, status,0, pclath
 Tracked objects:
		On entry : 
		On exit  : 
		Unchanged: 
 Data sizes:     COMMON BANK0hh   BANK1   BANK2   BANK3   BANK4   BANK5   BANK6   BANK7   BANK8   BANK9  BANK10  BANK11  BANK12
      Params:         0       0       0       0       0       0       0       0       0       0       0       0       0       0
      Locals:         0       0       0       0       0       0       0       0       0       0       0       0       0       0
      Temps:          0       2       0       0       0       0       0       0       0       0       0       0       0       0
      Totals:         0       2       0       0       0       0       0       0       0       0       0       0       0       0
Total ram usage:        2 bytes
 Hardware stack levels used:    1
 Hardware stack levels required when called:    4
 This function calls:
		Nothing
 This function is called by:
		_main
 This function uses a non-reentrant model


 *************** function _Time4Initial *****************
 Defined at:
		line 499 in file "CHIPINIT.C"
 Parameters:    Size  Location     Type
		None
 Auto vars:     Size  Location     Type
		None
 Return value:  Size  Location     Type
                  1    wreg      void 
 Registers used:
		wreg, status,2
 Tracked objects:
		On entry : 
		On exit  : 
		Unchanged: 
 Data sizes:     COMMON BANK0hh   BANK1   BANK2   BANK3   BANK4   BANK5   BANK6   BANK7   BANK8   BANK9  BANK10  BANK11  BANK12
      Params:         0       0       0       0       0       0       0       0       0       0       0       0       0       0
      Locals:         0       0       0       0       0       0       0       0       0       0       0       0       0       0
[...]
 This function uses a non-reentrant model


 *************** function _send_uart_data *****************
 Defined at:
		line 27 in file "uart.c"
 Parameters:    Size  Location     Type
		None
 Auto vars:     Size  Location     Type
		None
 Return value:  Size  Location     Type
                  1    wreg      void 
 Registers used:
		wreg, fsr1l, fsr1h, status,2, status,0, pclath, cstack
 Tracked objects:
		On entry : 
		On exit  : 
		Unchanged: 
 Data sizes:     COMMON BANK0hh   BANK1   BANK2   BANK3   BANK4   BANK5   BANK6   BANK7   BANK8   BANK9  BANK10  BANK11  BANK12
      Params:         0       0       0       0       0       0       0       0       0       0       0       0       0       0
      Locals:         0       0       0       0       0       0       0       0       0       0       0       0       0       0
      Temps:          0       0       0       0       0       0       0       0       0       0       0       0       0       0
      Totals:         0       0       0       0       0       0       0       0       0       0       0       0       0       0
Total ram usage:        0 bytes
 Hardware stack levels used:    1
 Hardware stack levels required when called:    1
 This function calls:
		i1_UartSetEmptyInt
 This function is called by:
		_ISR
 This function uses a non-reentrant model


 *************** function i1_UartSetEmptyInt *****************
 Defined at:
		line 44 in file "uart.c"
 Parameters:    Size  Location     Type
  value           1    wreg     unsigned char 
 Auto vars:     Size  Location     Type
  value           1    0[COMMON] unsigned char 
 Return value:  Size  Location     Type
                  1    wreg      void 
 Registers used:
		wreg
 Tracked objects:
		On entry : 
		On exit  : 
		Unchanged: 
 Data sizes:     COMMON BANK0hh   BANK1   BANK2   BANK3   BANK4   BANK5   BANK6   BANK7   BANK8   BANK9  BANK10  BANK11  BANK12
      Params:         0       0       0       0       0       0       0       0       0       0       0       0       0       0
      Locals:         1       0       0       0       0       0       0       0       0       0       0       0       0       0
      Temps:          0       0       0       0       0       0       0       0       0       0       0       0       0       0
      Totals:         1       0       0       0       0       0       0       0       0       0       0       0       0       0
Total ram usage:        1 bytes
 Hardware stack levels used:    1
 This function calls:
		Nothing
 This function is called by:
		_send_uart_data
 This function uses a non-reentrant model


 *************** function _exact_event_process *****************
 Defined at:
		line 5 in file "CHIPINIT.C"
 Parameters:    Size  Location     Type
		None
 Auto vars:     Size  Location     Type
		None
 Return value:  Size  Location     Type
                  1    wreg      void 
 Registers used:
		wreg, status,2, status,0
 Tracked objects:
		On entry : 
		On exit  : 
		Unchanged: 
 Data sizes:     COMMON BANK0hh   BANK1   BANK2   BANK3   BANK4   BANK5   BANK6   BANK7   BANK8   BANK9  BANK10  BANK11  BANK12
      Params:         0       0       0       0       0       0       0       0       0       0       0       0       0       0
      Locals:         0       0       0       0       0       0       0       0       0       0       0       0       0       0
      Temps:          0       0       0       0       0       0       0       0       0       0       0       0       0       0
      Totals:         0       0       0       0       0       0       0       0       0       0       0       0       0       0
Total ram usage:        0 bytes
 Hardware stack levels used:    1
 This function calls:
		Nothing
 This function is called by:
		_ISR
 This function uses a non-reentrant model


 *************** function _ReadRf433 *****************
 Defined at:
		line 54 in file "rx.c"
 Parameters:    Size  Location     Type
		None
 Auto vars:     Size  Location     Type
		None
 Return value:  Size  Location     Type
                  1    wreg      void 
 Registers used:
		wreg, fsr0l, fsr0h, fsr1l, fsr1h, status,2, status,0
 Tracked objects:
		On entry : 
		On exit  : 
		Unchanged: 
 Data sizes:     COMMON BANK0hh   BANK1   BANK2   BANK3   BANK4   BANK5   BANK6   BANK7   BANK8   BANK9  BANK10  BANK11  BANK12
      Params:         0       0       0       0       0       0       0       0       0       0       0       0       0       0
      Locals:         0       0       0       0       0       0       0       0       0       0       0       0       0       0
      Temps:          0       0       0       0       0       0       0       0       0       0       0       0       0       0
      Totals:         0       0       0       0       0       0       0       0       0       0       0       0       0       0
Total ram usage:        0 bytes
 Hardware stack levels used:    1
 This function calls:
		Nothing
 This function is called by:
		_ISR
 This function uses a non-reentrant model


 *************** function _DisplayHandler *****************
 Defined at:
		line 263 in file "sub.c"
 Parameters:    Size  Location     Type
		None
 Auto vars:     Size  Location     Type
		None
 Return value:  Size  Location     Type
                  1    wreg      void 
 Registers used:
		wreg, fsr0l, fsr0h, status,2, status,0, pclath, cstack
 Tracked objects:
		On entry : 
		On exit  : 
		Unchanged: 
 Data sizes:     COMMON BANK0hh   BANK1   BANK2   BANK3   BANK4   BANK5   BANK6   BANK7   BANK8   BANK9  BANK10  BANK11  BANK12
      Params:         0       0       0       0       0       0       0       0       0       0       0       0       0       0
      Locals:         0       0       0       0       0       0       0       0       0       0       0       0       0       0
      Temps:          0       0       0       0       0       0       0       0       0       0       0       0       0       0
      Totals:         0       0       0       0       0       0       0       0       0       0       0       0       0       0
Total ram usage:        0 bytes
 Hardware stack levels used:    1
 Hardware stack levels required when called:    2
 This function calls:
		_ShowLedData
		_SpecialDisplay1
		_SpecialDisplay2
 This function is called by:
		_ISR
 This function uses a non-reentrant model


 *************** function _SpecialDisplay2 *****************
 Defined at:
		line 244 in file "sub.c"
 Parameters:    Size  Location     Type
		None
 Auto vars:     Size  Location     Type
  DspBuf          1    5[COMMON] unsigned char 
 Return value:  Size  Location     Type
                  1    wreg      unsigned char 
 Registers used:
		wreg, fsr0l, fsr0h, status,2, status,0, pclath, cstack
 Tracked objects:
		On entry : 
		On exit  : 
		Unchanged: 
 Data sizes:     COMMON BANK0hh   BANK1   BANK2   BANK3   BANK4   BANK5   BANK6   BANK7   BANK8   BANK9  BANK10  BANK11  BANK12
      Params:         0       0       0       0       0       0       0       0       0       0       0       0       0       0
      Locals:         1       0       0       0       0       0       0       0       0       0       0       0       0       0
      Temps:          0       0       0       0       0       0       0       0       0       0       0       0       0       0
      Totals:         1       0       0       0       0       0       0       0       0       0       0       0       0       0
Total ram usage:        1 bytes
 Hardware stack levels used:    1
 Hardware stack levels required when called:    1
 This function calls:
		___lbmod
 This function is called by:
		_DisplayHandler
 This function uses a non-reentrant model


 *************** function ___lbmod *****************
 Defined at:
		line 4 in file "D:\Documents\WeChat Files\wxid_25ac4ia98up622\FileStorage\File\2022-10\IDE3.0.9\data\sources\common\lbmod.c"
 Parameters:    Size  Location     Type
  dividend        1    wreg     unsigned char 
  divisor         1    0[COMMON] unsigned char 
 Auto vars:     Size  Location     Type
  dividend        1    2[COMMON] unsigned char 
  rem             1    4[COMMON] unsigned char 
  counter         1    3[COMMON] unsigned char 
 Return value:  Size  Location     Type
                  1    wreg      unsigned char 
 Registers used:
		wreg, status,2, status,0
 Tracked objects:
		On entry : 
		On exit  : 
		Unchanged: 
 Data sizes:     COMMON BANK0hh   BANK1   BANK2   BANK3   BANK4   BANK5   BANK6   BANK7   BANK8   BANK9  BANK10  BANK11  BANK12
      Params:         1       0       0       0       0       0       0       0       0       0       0       0       0       0
      Locals:         3       0       0       0       0       0       0       0       0       0       0       0       0       0
      Temps:          1       0       0       0       0       0       0       0       0       0       0       0       0       0
      Totals:         5       0       0       0       0       0       0       0       0       0       0       0       0       0
Total ram usage:        5 bytes
 Hardware stack levels used:    1
 This function calls:
		Nothing
 This function is called by:
		_SpecialDisplay2
 This function uses a non-reentrant model


 *************** function _SpecialDisplay1 *****************
 Defined at:
		line 228 in file "sub.c"
 Parameters:    Size  Location     Type
		None
 Auto vars:     Size  Location     Type
  DspBuf          1    4[COMMON] unsigned char 
 Return value:  Size  Location     Type
                  1    wreg      unsigned char 
 Registers used:
		wreg, fsr0l, fsr0h, status,2, status,0, pclath, cstack
 Tracked objects:
		On entry : 
		On exit  : 
		Unchanged: 
 Data sizes:     COMMON BANK0hh   BANK1   BANK2   BANK3   BANK4   BANK5   BANK6   BANK7   BANK8   BANK9  BANK10  BANK11  BANK12
      Params:         0       0       0       0       0       0       0       0       0       0       0       0       0       0
      Locals:         1       0       0       0       0       0       0       0       0       0       0       0       0       0
      Temps:          0       0       0       0       0       0       0       0       0       0       0       0       0       0
      Totals:         1       0       0       0       0       0       0       0       0       0       0       0       0       0
Total ram usage:        1 bytes
 Hardware stack levels used:    1
 Hardware stack levels required when called:    1
 This function calls:
		___lbdiv
 This function is called by:
		_DisplayHandler
 This function uses a non-reentrant model


 *************** function ___lbdiv *****************
 Defined at:
		line 4 in file "D:\Documents\WeChat Files\wxid_25ac4ia98up622\FileStorage\File\2022-10\IDE3.0.9\data\sources\common\lbdiv.c"
 Parameters:    Size  Location     Type
  dividend        1    wreg     unsigned char 
  divisor         1    0[COMMON] unsigned char 
 Auto vars:     Size  Location     Type
  dividend        1    1[COMMON] unsigned char 
  quotient        1    3[COMMON] unsigned char 
  counter         1    2[COMMON] unsigned char 
 Return value:  Size  Location     Type
                  1    wreg      unsigned char 
 Registers used:
		wreg, status,2, status,0
 Tracked objects:
		On entry : 
		On exit  : 
		Unchanged: 
 Data sizes:     COMMON BANK0hh   BANK1   BANK2   BANK3   BANK4   BANK5   BANK6   BANK7   BANK8   BANK9  BANK10  BANK11  BANK12
      Params:         1       0       0       0       0       0       0       0       0       0       0       0       0       0
      Locals:         3       0       0       0       0       0       0       0       0       0       0       0       0       0
      Temps:          0       0       0       0       0       0       0       0       0       0       0       0       0       0
      Totals:         4       0       0       0       0       0       0       0       0       0       0       0       0       0
Total ram usage:        4 bytes
 Hardware stack levels used:    1
 This function calls:
		Nothing
 This function is called by:
		_SpecialDisplay1
 This function uses a non-reentrant model


 *************** function _ShowLedData *****************
 Defined at:
		line 204 in file "sub.c"
 Parameters:    Size  Location     Type
  DspBuf          1    wreg     unsigned char 
 Auto vars:     Size  Location     Type
  DspBuf          1    0[COMMON] unsigned char 
 Return value:  Size  Location     Type
                  1    wreg      void 
 Registers used:
		wreg, fsr0l, fsr0h, status,2, status,0
 Tracked objects:
		On entry : 
		On exit  : 
		Unchanged: 
 Data sizes:     COMMON BANK0hh   BANK1   BANK2   BANK3   BANK4   BANK5   BANK6   BANK7   BANK8   BANK9  BANK10  BANK11  BANK12
      Params:         0       0       0       0       0       0       0       0       0       0       0       0       0       0
      Locals:         1       0       0       0       0       0       0       0       0       0       0       0       0       0
      Temps:          0       0       0       0       0       0       0       0       0       0       0       0       0       0
      Totals:         1       0       0       0       0       0       0       0       0       0       0       0       0       0
Total ram usage:        1 bytes
 Hardware stack levels used:    1
 This function calls:
		Nothing
 This function is called by:
		_DisplayHandler
 This function uses a non-reentrant model



MODULE INFORMATION

Module		Function		Class		Link	Load	Size
CHIPINIT.C
		_Time2Initial  		CODE           	0BF9	0000	15
		_ISR           		CODE           	0004	0000	52
		_exact_event_process		CODE           	062A	0000	46
		_UART_INITIAL  		CODE           	0C07	0000	14
		_Time4Initial  		CODE           	0F22	0000	18
		_Px_Level_Change_INITIAL		CODE           	0BA5	0000	14
		_User_init     		CODE           	0BB2	0000	11
		_Sys_init      		CODE           	0BCF	0000	43
		_Display_init  		CODE           	08A9	0000	6
		_TIME_INIT     		CODE           	0E5D	0000	5

CHIPINIT.C estimated size: 224

uart.c
		_UartSetEmptyInt		CODE           	0E71	0000	10
		_send_uart_data		CODE           	0657	0000	25

uart.c estimated size: 35

sub.c
		_DisplayHandler		CODE           	1531	0000	140
		_refresh_data  		CODE           	0E61	0000	17
		_SpecialDisplay1		CODE           	1781	0000	29
		_SpecialDisplay2		CODE           	17B5	0000	33
		_SysPowerHandler		CODE           	0BBC	0000	20
		_dokey         		CODE           	0D97	0000	59
		_refresh_display		CODE           	0EFF	0000	32
		_KeyScanHandler		CODE           	0B59	0000	77
		_ChkTimeEventStatus		CODE           	089A	0000	16
		_ShowLedData   		CODE           	15BC	0000	454

sub.c estimated size: 877

D:\Documents\WeChat Files\wxid_25ac4ia98up622\FileStorage\File\2022-10\IDE3.0.9\data\sources\common\awdiv.c
		___awdiv       		CODE           	0F94	0000	65

D:\Documents\WeChat Files\wxid_25ac4ia98up622\FileStorage\File\2022-10\IDE3.0.9\data\sources\common\awdiv.c estimated size: 65

D:\Documents\WeChat Files\wxid_25ac4ia98up622\FileStorage\File\2022-10\IDE3.0.9\data\sources\common\lbmod.c
		___lbmod       		CODE           	17D5	0000	25

D:\Documents\WeChat Files\wxid_25ac4ia98up622\FileStorage\File\2022-10\IDE3.0.9\data\sources\common\lbmod.c estimated size: 25

D:\Documents\WeChat Files\wxid_25ac4ia98up622\FileStorage\File\2022-10\IDE3.0.9\data\sources\common\Umul16.c
		___wmul        		CODE           	0403	0000	22

D:\Documents\WeChat Files\wxid_25ac4ia98up622\FileStorage\File\2022-10\IDE3.0.9\data\sources\common\Umul16.c estimated size: 22

TOUCH.C
		_DIV           		CODE           	0B18	0000	66
		_TouchKeyScan  		CODE           	08AE	0000	71
		_ReadTouchData 		CODE           	08F4	0000	230
		_HighFreqCo    		CODE           	0418	0000	98
		_StartHigeFreq 		CODE           	09D9	0000	295
		_TouchInit     		CODE           	0AFF	0000	26
		_TouchInital   		CODE           	0F33	0000	98
		_DataProcessing		CODE           	0039	0000	971
		_MxSet013      		CODE           	0698	0000	19

TOUCH.C estimated size: 1874

shared
		PL12           		CODE           	0C3F	0000	30
		PL50           		CODE           	0D4F	0000	20
		PL8            		CODE           	04A9	0000	7
		_SWHEELSILERB  		STRCODE        	18B4	0000	5
		PL22           		CODE           	0CCE	0000	41
		PL60           		CODE           	17ED	0000	14
		PL100          		CODE           	05A7	0000	6
		PL32           		CODE           	050E	0000	7
		PL70           		CODE           	056D	0000	10
		PL42           		CODE           	0D1E	0000	16
		PL80           		CODE           	058E	0000	8
		PL14           		CODE           	0C5C	0000	29
		PL52           		CODE           	0539	0000	8
		PL90           		CODE           	0D88	0000	6
		_PRIMARYKEY11  		STRCODE        	0000	0000	0
		PL24           		CODE           	04CC	0000	7
		PL62           		CODE           	0D71	0000	7
		PL34           		CODE           	0514	0000	31
		PL72           		CODE           	0576	0000	7
		PL44           		CODE           	0532	0000	8
		PL82           		CODE           	17FA	0000	7
		_SCANNINGTIME1 		STRCODE        	0000	0000	0
		PL16           		CODE           	0C78	0000	45
		PL54           		CODE           	0D62	0000	16
		PL92           		CODE           	0D8D	0000	6
		_ACTIVE_SENSOR_DELTA		STRCODE        	185A	0000	91
		PL26           		CODE           	04D2	0000	14
		PL64           		CODE           	0D77	0000	6
		PL102          		CODE           	0D92	0000	6
		PL36           		CODE           	0CF6	0000	9
		PL74           		CODE           	057C	0000	7
		PL46           		CODE           	0D2D	0000	18
		PL84           		CODE           	0D7C	0000	7
		_LONGKEYPROTECT1		STRCODE        	0000	0000	0
		PL18           		CODE           	0CA4	0000	43
		PL56           		CODE           	0540	0000	17
		PL94           		CODE           	0595	0000	7
		PL28           		CODE           	04DF	0000	39
		PL66           		CODE           	055E	0000	6
		PL38           		CODE           	0CFE	0000	25
		PL76           		CODE           	0582	0000	7
		PL48           		CODE           	0D3E	0000	18
		PL86           		CODE           	0E7A	0000	7
		PL58           		CODE           	0550	0000	15
		PL96           		CODE           	059B	0000	7
		PL68           		CODE           	0563	0000	11
		PL104          		CODE           	0622	0000	5
		PL78           		CODE           	0588	0000	7
		PL88           		CODE           	0D82	0000	7
		PL98           		CODE           	05A1	0000	7
		__initialization		CODE           	0807	0000	77
		_ad3nop        		CODE           	0003	0000	2
		PL106          		CODE           	0626	0000	5
		_INACTIVE_SENSOR_DELTA		STRCODE        	1800	0000	91
		i1_UartSetEmptyInt		CODE           	066F	0000	10
		PL108          		CODE           	0F1E	0000	5
		PL2            		CODE           	0C14	0000	15
		_FWHEELSILERB  		STRCODE        	18B8	0000	5
		PL10           		CODE           	0C22	0000	30
		PL4            		CODE           	0479	0000	27
		PL20           		CODE           	04AF	0000	30
		_IO_TOUCH_ATTR1		STRCODE        	0000	0000	0
		PL30           		CODE           	0505	0000	10
		PL6            		CODE           	0493	0000	23
		PL40           		CODE           	0D16	0000	9

shared estimated size: 1066

D:\Documents\WeChat Files\wxid_25ac4ia98up622\FileStorage\File\2022-10\IDE3.0.9\data\sources\common\lbdiv.c
		___lbdiv       		CODE           	179D	0000	25

D:\Documents\WeChat Files\wxid_25ac4ia98up622\FileStorage\File\2022-10\IDE3.0.9\data\sources\common\lbdiv.c estimated size: 25

rx.c
		_KeepRfData    		CODE           	0EF6	0000	10
		_RxData_Drive  		CODE           	0E80	0000	119
		_CheckRfCmd    		CODE           	0FE9	0000	24
		_ReadRf433     		CODE           	05AC	0000	119
		_readrf        		CODE           	0FD4	0000	22

rx.c estimated size: 294

main.c
		_PowerKeyExec  		CODE           	0E22	0000	48
		_HeatKeyExec   		CODE           	0DD1	0000	18
		_ModeKeyExec   		CODE           	0E06	0000	29
		_main          		CODE           	0856	0000	69
		_ManualKeyExec 		CODE           	0DE2	0000	37
		_StrongKeyExec 		CODE           	0E51	0000	13

main.c estimated size: 214

